BL51 BANKED LINKER/LOCATER V6.22              08/24/2016  14:21:41  PAGE 1


BL51 BANKED LINKER/LOCATER V6.22, INVOKED BY:
C:\KEIL\C51\BIN\BL51.EXE D:\≤©ïNπ‚µÁ◊ ¡œ-20160709\≤©ïNπ‚µÁ◊ ¡œ\≥Ã–ÚºØ∫œ\¥”ª˙≥Ã
>> –Ú-≥ı ºªØSMBUS20160824\c8051_i2c.obj, D:\≤©ïNπ‚µÁ◊ ¡œ-20160709\≤©ïNπ‚µÁ◊ ¡œ
>> \≥Ã–ÚºØ∫œ\¥”ª˙≥Ã–Ú-≥ı ºªØSMBUS20160824\main.obj, D:\≤©ïNπ‚µÁ◊ ¡œ-20160709\≤
>> ©ïNπ‚µÁ◊ ¡œ\≥Ã–ÚºØ∫œ\¥”ª˙≥Ã–Ú-≥ı ºªØSMBUS20160824\c8051_system.obj, D:\≤©ïN
>> π‚µÁ◊ ¡œ-20160709\≤©ïNπ‚µÁ◊ ¡œ\≥Ã–ÚºØ∫œ\¥”ª˙≥Ã–Ú-≥ı ºªØSMBUS20160824\c8051_
>> usart.obj, D:\≤©ïNπ‚µÁ◊ ¡œ-20160709\≤©ïNπ‚µÁ◊ ¡œ\≥Ã–ÚºØ∫œ\¥”ª˙≥Ã–Ú-≥ı ºªØSM
>> BUS20160824\c8051_it.obj, D:\≤©ïNπ‚µÁ◊ ¡œ-20160709\≤©ïNπ‚µÁ◊ ¡œ\≥Ã–ÚºØ∫œ\¥”
>> ª˙≥Ã–Ú-≥ı ºªØSMBUS20160824\c8051_gpio.obj, D:\≤©ïNπ‚µÁ◊ ¡œ-20160709\≤©ïNπ‚µ
>> Á◊ ¡œ\≥Ã–ÚºØ∫œ\¥”ª˙≥Ã–Ú-≥ı ºªØSMBUS20160824\cmd.obj, D:\≤©ïNπ‚µÁ◊ ¡œ-201607
>> 09\≤©ïNπ‚µÁ◊ ¡œ\≥Ã–ÚºØ∫œ\¥”ª˙≥Ã–Ú-≥ı ºªØSMBUS20160824\c8051_flash.obj, D:\≤
>> ©ïNπ‚µÁ◊ ¡œ-20160709\≤©ïNπ‚µÁ◊ ¡œ\≥Ã–ÚºØ∫œ\¥”ª˙≥Ã–Ú-≥ı ºªØSMBUS20160824\c80
>> 51_smbus.obj, D:\≤©ïNπ‚µÁ◊ ¡œ-20160709\≤©ïNπ‚µÁ◊ ¡œ\≥Ã–ÚºØ∫œ\¥”ª˙≥Ã–Ú-≥ı ºª
>> ØSMBUS20160824\QSFP_PROTOCOL.obj, D:\≤©ïNπ‚µÁ◊ ¡œ-20160709\≤©ïNπ‚µÁ◊ ¡œ\≥Ã–
>> ÚºØ∫œ\¥”ª˙≥Ã–Ú-≥ı ºªØSMBUS20160824\QSFP_Mem.obj, D:\≤©ïNπ‚µÁ◊ ¡œ-20160709\≤
>> ©ïNπ‚µÁ◊ ¡œ\≥Ã–ÚºØ∫œ\¥”ª˙≥Ã–Ú-≥ı ºªØSMBUS20160824\journal.obj, D:\≤©ïNπ‚µÁ◊
>>  ¡œ-20160709\≤©ïNπ‚µÁ◊ ¡œ\≥Ã–ÚºØ∫œ\¥”ª˙≥Ã–Ú-≥ı ºªØSMBUS20160824\debug.obj, 
>> D:\≤©ïNπ‚µÁ◊ ¡œ-20160709\≤©ïNπ‚µÁ◊ ¡œ\≥Ã–ÚºØ∫œ\¥”ª˙≥Ã–Ú-≥ı ºªØSMBUS20160824
>> \parameters.obj TO D:\≤©ïNπ‚µÁ◊ ¡œ-20160709\≤©ïNπ‚µÁ◊ ¡œ\≥Ã–ÚºØ∫œ\¥”ª˙≥Ã–Ú-
>> ≥ı ºªØSMBUS20160824\c8051_uart0 RS (256) PL (68) PW (78)


MEMORY MODEL: LARGE


INPUT MODULES INCLUDED:
  D:\≤©ïNπ‚µÁ◊ ¡œ-20160709\≤©ïNπ‚µÁ◊ ¡œ\≥Ã–ÚºØ∫œ\¥”ª˙≥Ã–Ú-≥ı ºªØSMBUS20160824\
>> c8051_i2c.obj (C8051_I2C)
  D:\≤©ïNπ‚µÁ◊ ¡œ-20160709\≤©ïNπ‚µÁ◊ ¡œ\≥Ã–ÚºØ∫œ\¥”ª˙≥Ã–Ú-≥ı ºªØSMBUS20160824\
>> main.obj (MAIN)
  D:\≤©ïNπ‚µÁ◊ ¡œ-20160709\≤©ïNπ‚µÁ◊ ¡œ\≥Ã–ÚºØ∫œ\¥”ª˙≥Ã–Ú-≥ı ºªØSMBUS20160824\
>> c8051_system.obj (C8051_SYSTEM)
  D:\≤©ïNπ‚µÁ◊ ¡œ-20160709\≤©ïNπ‚µÁ◊ ¡œ\≥Ã–ÚºØ∫œ\¥”ª˙≥Ã–Ú-≥ı ºªØSMBUS20160824\
>> c8051_usart.obj (C8051_USART)
  D:\≤©ïNπ‚µÁ◊ ¡œ-20160709\≤©ïNπ‚µÁ◊ ¡œ\≥Ã–ÚºØ∫œ\¥”ª˙≥Ã–Ú-≥ı ºªØSMBUS20160824\
>> c8051_it.obj (C8051_IT)
  D:\≤©ïNπ‚µÁ◊ ¡œ-20160709\≤©ïNπ‚µÁ◊ ¡œ\≥Ã–ÚºØ∫œ\¥”ª˙≥Ã–Ú-≥ı ºªØSMBUS20160824\
>> c8051_gpio.obj (C8051_GPIO)
  D:\≤©ïNπ‚µÁ◊ ¡œ-20160709\≤©ïNπ‚µÁ◊ ¡œ\≥Ã–ÚºØ∫œ\¥”ª˙≥Ã–Ú-≥ı ºªØSMBUS20160824\
>> cmd.obj (CMD)
  D:\≤©ïNπ‚µÁ◊ ¡œ-20160709\≤©ïNπ‚µÁ◊ ¡œ\≥Ã–ÚºØ∫œ\¥”ª˙≥Ã–Ú-≥ı ºªØSMBUS20160824\
>> c8051_flash.obj (C8051_FLASH)
  D:\≤©ïNπ‚µÁ◊ ¡œ-20160709\≤©ïNπ‚µÁ◊ ¡œ\≥Ã–ÚºØ∫œ\¥”ª˙≥Ã–Ú-≥ı ºªØSMBUS20160824\
>> c8051_smbus.obj (C8051_SMBUS)
  D:\≤©ïNπ‚µÁ◊ ¡œ-20160709\≤©ïNπ‚µÁ◊ ¡œ\≥Ã–ÚºØ∫œ\¥”ª˙≥Ã–Ú-≥ı ºªØSMBUS20160824\
>> QSFP_PROTOCOL.obj (QSFP_PROTOCOL)
  D:\≤©ïNπ‚µÁ◊ ¡œ-20160709\≤©ïNπ‚µÁ◊ ¡œ\≥Ã–ÚºØ∫œ\¥”ª˙≥Ã–Ú-≥ı ºªØSMBUS20160824\
>> QSFP_Mem.obj (QSFP_MEM)
  D:\≤©ïNπ‚µÁ◊ ¡œ-20160709\≤©ïNπ‚µÁ◊ ¡œ\≥Ã–ÚºØ∫œ\¥”ª˙≥Ã–Ú-≥ı ºªØSMBUS20160824\
>> journal.obj (JOURNAL)
  D:\≤©ïNπ‚µÁ◊ ¡œ-20160709\≤©ïNπ‚µÁ◊ ¡œ\≥Ã–ÚºØ∫œ\¥”ª˙≥Ã–Ú-≥ı ºªØSMBUS20160824\
>> debug.obj (DEBUG)
  D:\≤©ïNπ‚µÁ◊ ¡œ-20160709\≤©ïNπ‚µÁ◊ ¡œ\≥Ã–ÚºØ∫œ\¥”ª˙≥Ã–Ú-≥ı ºªØSMBUS20160824\
>> parameters.obj (PARAMETERS)
  C:\KEIL\C51\LIB\C51L.LIB (?C_STARTUP)
  C:\KEIL\C51\LIB\C51L.LIB (?C?COPY)
  C:\KEIL\C51\LIB\C51L.LIB (?C?CLDPTR)
  C:\KEIL\C51\LIB\C51L.LIB (?C?CLDOPTR)
  C:\KEIL\C51\LIB\C51L.LIB (?C?CSTPTR)
  C:\KEIL\C51\LIB\C51L.LIB (?C?CSTOPTR)
  C:\KEIL\C51\LIB\C51L.LIB (?C?IILDX)
  C:\KEIL\C51\LIB\C51L.LIB (?C?ILDIX)
  C:\KEIL\C51\LIB\C51L.LIB (?C?ILDOPTR)
  C:\KEIL\C51\LIB\C51L.LIB (?C?ISTOPTR)
  C:\KEIL\C51\LIB\C51L.LIB (?C?ICASE)
  C:\KEIL\C51\LIB\C51L.LIB (?C?ICALL)
BL51 BANKED LINKER/LOCATER V6.22            08/24/2016  14:21:41  PAGE 2


  C:\KEIL\C51\LIB\C51L.LIB (?C_INIT)


LINK MAP OF MODULE:  D:\≤©ïNπ‚µÁ◊ ¡œ-20160709\≤©ïNπ‚µÁ◊ ¡œ\≥Ã–ÚºØ∫œ\¥”ª˙≥Ã–Ú-≥
>> ı ºªØSMBUS20160824\c8051_uart0 (C8051_I2C)


            TYPE    BASE      LENGTH    RELOCATION   SEGMENT NAME
            -----------------------------------------------------

            * * * * * * *   D A T A   M E M O R Y   * * * * * * *
            REG     0000H     0008H     ABSOLUTE     "REG BANK 0"
            DATA    0008H     0004H     UNIT         _DATA_GROUP_
                    000CH     0014H                  *** GAP ***
            BIT     0020H.0   0000H.3   UNIT         _BIT_GROUP_
            BIT     0020H.3   0000H.2   UNIT         ?BI?QSFP_PROTOCOL
                    0020H.5   0000H.3                *** GAP ***
            IDATA   0021H     0001H     UNIT         ?STACK

            * * * * * * *  X D A T A   M E M O R Y  * * * * * * *
            XDATA   0000H     0200H     UNIT         ?XD?QSFP_MEM
            XDATA   0200H     0034H     UNIT         _XDATA_GROUP_
            XDATA   0234H     0010H     UNIT         ?XD?DEBUG
            XDATA   0244H     000FH     UNIT         ?XD?C8051_IT
            XDATA   0253H     000AH     UNIT         ?XD?JOURNAL
            XDATA   025DH     0007H     UNIT         ?XD?_RX_I2C_BYTESREAD?C80
>> 51_I2C
            XDATA   0264H     0006H     UNIT         ?XD?_RX_I2C_BYTESWRITE?C8
>> 051_I2C
            XDATA   026AH     0006H     UNIT         ?XD?_TX_I2C_BYTESWRITE?C8
>> 051_I2C
            XDATA   0270H     0004H     UNIT         ?XD?MAIN
            XDATA   0274H     0004H     UNIT         ?XD?QSFP_PROTOCOL
            XDATA   0278H     0003H     UNIT         ?XD?_UASRT0_SENDSTR?C8051
>> _USART
            XDATA   027BH     0002H     UNIT         ?XD?PARAMETERS
            XDATA   027DH     0001H     UNIT         ?XD?CMD
            XDATA   027EH     0001H     UNIT         ?XD?INIT_TX_PARAMETERS?PA
>> RAMETERS
            XDATA   027FH     0001H     UNIT         ?XD?INIT_RX_PARAMETERS?PA
>> RAMETERS

            * * * * * * *   C O D E   M E M O R Y   * * * * * * *
            CODE    0000H     0003H     ABSOLUTE     
            CODE    0003H     0020H     UNIT         ?PR?TX_I2C_ACK?C8051_I2C
            CODE    0023H     0003H     ABSOLUTE     
            CODE    0026H     0005H     UNIT         ?PR?TX_I2C_INIT?C8051_I2C
>> 
            CODE    002BH     0003H     ABSOLUTE     
            CODE    002EH     000DH     UNIT         ?PR?RX_SENDACK?C8051_I2C
            CODE    003BH     0003H     ABSOLUTE     
            CODE    003EH     0034H     UNIT         ?PR?QSFP_INITVALUE?QSFP_M
>> EM
            CODE    0072H     0001H     UNIT         ?PR?FLASH_INIT?C8051_SYST
>> EM
            CODE    0073H     0003H     ABSOLUTE     
            CODE    0076H     0296H     UNIT         ?PR?_DEBUG_RECIVERVALUE?D
>> EBUG
            CODE    030CH     0234H     UNIT         ?C?LIB_CODE
            CODE    0540H     018BH     UNIT         ?PR?SMBUS_ISR?C8051_IT
            CODE    06CBH     0112H     UNIT         ?PR?_WRITE_DATAS?QSFP_MEM
>> 
            CODE    07DDH     00B9H     UNIT         ?PR?_DELECETPARMETER?PARA
>> METERS
            CODE    0896H     00B1H     UNIT         ?PR?_PRASETOSTR?CMD
BL51 BANKED LINKER/LOCATER V6.22            08/24/2016  14:21:41  PAGE 3


            CODE    0947H     00A9H     UNIT         ?PR?_CHANGEPARMETER?PARAM
>> ETERS
            CODE    09F0H     00A6H     UNIT         ?PR?_ADDPARAMETER?PARAMET
>> ERS
            CODE    0A96H     00A4H     UNIT         ?PR?QSFP_WRITE?QSFP_PROTO
>> COL
            CODE    0B3AH     0098H     UNIT         ?PR?_FLASHWRITEONEBYTES?Q
>> SFP_MEM
            CODE    0BD2H     0092H     UNIT         ?PR?_WRITE_SINGLEDATA?QSF
>> P_MEM
            CODE    0C64H     008CH     UNIT         ?C_C51STARTUP
            CODE    0CF0H     0081H     UNIT         ?PR?_TX_I2C_BYTESREAD?C80
>> 51_I2C
            CODE    0D71H     007CH     UNIT         ?PR?_RX_I2C_BYTESREAD?C80
>> 51_I2C
            CODE    0DEDH     007BH     UNIT         ?PR?_FILLSINGLEBYTES?CMD
            CODE    0E68H     006FH     UNIT         ?PR?QSFP_FLASH_INIT?QSFP_
>> MEM
            CODE    0ED7H     0069H     UNIT         ?PR?_QSFP_WRITEDATAS?QSFP
>> _MEM
            CODE    0F40H     0068H     UNIT         ?PR?_GET_DATA?QSFP_MEM
            CODE    0FA8H     005FH     UNIT         ?PR?_FILLSINGLEBYTE?CMD
            CODE    1007H     0059H     UNIT         ?PR?_FLASHWRITEONEBYTE?QS
>> FP_MEM
            CODE    1060H     0057H     UNIT         ?PR?_QSFP_INITFUNTWO?QSFP
>> _PROTOCOL
            CODE    10B7H     0055H     UNIT         ?PR?_FLASH_WRITEDATA?C805
>> 1_FLASH
            CODE    110CH     0055H     UNIT         ?PR?_ADDONEJOURNAL?JOURNA
>> L
            CODE    1161H     0053H     UNIT         ?PR?_QSFP_INITFUNONE?QSFP
>> _PROTOCOL
            CODE    11B4H     004BH     UNIT         ?PR?INIT_TX_PARAMETERS?PA
>> RAMETERS
            CODE    11FFH     004BH     UNIT         ?PR?INIT_RX_PARAMETERS?PA
>> RAMETERS
            CODE    124AH     004AH     UNIT         ?PR?_FLASH_READDATA?C8051
>> _FLASH
            CODE    1294H     004AH     UNIT         ?PR?READOPERATERECORDINJO
>> UR?QSFP_PROTOCOL
            CODE    12DEH     004AH     UNIT         ?PR?QSFP_ACK?QSFP_PROTOCO
>> L
            CODE    1328H     0049H     UNIT         ?PR?_UPDATECONFIG?JOURNAL
>> 
            CODE    1371H     0046H     UNIT         ?PR?TIMER2_ISR?C8051_IT
            CODE    13B7H     0046H     UNIT         ?PR?_GETPRIVILEGE?QSFP_ME
>> M
            CODE    13FDH     0045H     UNIT         ?PR?_RX_I2C_BYTESWRITE?C8
>> 051_I2C
            CODE    1442H     0045H     UNIT         ?PR?_TX_I2C_BYTESWRITE?C8
>> 051_I2C
            CODE    1487H     0041H     UNIT         ?C_INITSEG
            CODE    14C8H     0041H     UNIT         ?PR?_QSFP_GETDATA?QSFP_ME
>> M
            CODE    1509H     003FH     UNIT         ?PR?_GETPARAMETER?PARAMET
>> ERS
            CODE    1548H     003CH     UNIT         ?PR?JOURNAL_MEMINIT?JOURN
>> AL
            CODE    1584H     0038H     UNIT         ?PR?MAIN?MAIN
            CODE    15BCH     0033H     UNIT         ?PR?_UASRT0_SENDSTR?C8051
>> _USART
            CODE    15EFH     0033H     UNIT         ?PR?_DEBUG_INITFUN?DEBUG
            CODE    1622H     002FH     UNIT         ?PR?_FLASH_BYTEWRITE?C805
>> 1_FLASH
            CODE    1651H     002FH     UNIT         ?PR?_FLASH_PAGEERASE?C805
BL51 BANKED LINKER/LOCATER V6.22            08/24/2016  14:21:41  PAGE 4


>> 1_FLASH
            CODE    1680H     002CH     UNIT         ?PR?INTERRUPTFORTX?QSFP_M
>> EM
            CODE    16ACH     0028H     UNIT         ?PR?_GETCONFIGNUM?JOURNAL
>> 
            CODE    16D4H     0027H     UNIT         ?PR?_WRITE_RX?CMD
            CODE    16FBH     0027H     UNIT         ?PR?_WRITE_TX?CMD
            CODE    1722H     0025H     UNIT         ?PR?RX_I2C_ACK?C8051_I2C
            CODE    1747H     0025H     UNIT         ?PR?_TX_I2C_SINGLEBYTEREA
>> D?C8051_I2C
            CODE    176CH     0025H     UNIT         ?PR?_RX_I2C_SINGLEBYTEREA
>> D?C8051_I2C
            CODE    1791H     0025H     UNIT         ?PR?_GETACCERSSREADFUN?CM
>> D
            CODE    17B6H     0024H     UNIT         ?PR?TX_I2C_READ8BIT?C8051
>> _I2C
            CODE    17DAH     0024H     UNIT         ?PR?RX_I2C_READ8BIT?C8051
>> _I2C
            CODE    17FEH     0024H     UNIT         ?PR?_TX_I2C_SINGLEBYTEWRI
>> TE?C8051_I2C
            CODE    1822H     0024H     UNIT         ?PR?_RX_I2C_SINGLEBYTEWRI
>> TE?C8051_I2C
            CODE    1846H     0023H     UNIT         ?PR?_READONEJOUR?JOURNAL
            CODE    1869H     0022H     UNIT         ?PR?_GETOFFSET?PARAMETERS
>> 
            CODE    188BH     001FH     UNIT         ?PR?_RX_I2C_WRITE8BIT?C80
>> 51_I2C
            CODE    18AAH     001FH     UNIT         ?PR?GPIO_INIT?C8051_GPIO
            CODE    18C9H     001DH     UNIT         ?PR?_GETACCERSSWRITEFUN?C
>> MD
            CODE    18E6H     001DH     UNIT         ?PR?_GETADDRESS?PARAMETER
>> S
            CODE    1903H     001CH     UNIT         ?PR?ERASEALLJOUR?JOURNAL
            CODE    191FH     001AH     UNIT         ?PR?_TX_I2C_WRITE8BIT?C80
>> 51_I2C
            CODE    1939H     0019H     UNIT         ?PR?TIMER3_INIT?C8051_IT
            CODE    1952H     0019H     UNIT         ?PR?_QSFP_WRITESINGLEDATA
>> ?QSFP_MEM
            CODE    196BH     0018H     UNIT         ?PR?_DELAY_MS?C8051_I2C
            CODE    1983H     0016H     UNIT         ?PR?_FLASH_BYTEREAD?C8051
>> _FLASH
            CODE    1999H     0015H     UNIT         ?PR?UASRT0_INIT?C8051_USA
>> RT
            CODE    19AEH     0015H     UNIT         ?PR?TIMER2_INIT?C8051_IT
            CODE    19C3H     0012H     UNIT         ?PR?TIMER1_INIT?C8051_IT
            CODE    19D5H     0012H     UNIT         ?PR?DEBUG_ACK?DEBUG
            CODE    19E7H     0010H     UNIT         ?PR?_WRITESET?QSFP_MEM
            CODE    19F7H     000FH     UNIT         ?PR?TX_I2C_START?C8051_I2
>> C
            CODE    1A06H     000FH     UNIT         ?PR?RX_I2C_START?C8051_I2
>> C
            CODE    1A15H     000FH     UNIT         ?PR?RX_I2C_STOP?C8051_I2C
>> 
            CODE    1A24H     000EH     UNIT         ?PR?DELAY_1MS?C8051_I2C
            CODE    1A32H     000EH     UNIT         ?PR?I2C_DELAY?C8051_I2C
            CODE    1A40H     000EH     UNIT         ?PR?_UASRT0_TRANSMIT?C805
>> 1_USART
            CODE    1A4EH     000EH     UNIT         ?PR?USART0_ISR?C8051_IT
            CODE    1A5CH     000CH     UNIT         ?PR?_DELAY_I2C_TEMP?C8051
>> _I2C
            CODE    1A68H     000CH     UNIT         ?PR?QSFPSTOP?QSFP_PROTOCO
>> L
            CODE    1A74H     000AH     UNIT         ?PR?TIMER3_ISR?C8051_IT
            CODE    1A7EH     0008H     UNIT         ?PR?TX_I2C_STOP?C8051_I2C
>> 
BL51 BANKED LINKER/LOCATER V6.22            08/24/2016  14:21:41  PAGE 5


            CODE    1A86H     0008H     UNIT         ?PR?_READ_RX?CMD
            CODE    1A8EH     0008H     UNIT         ?PR?_READ_TX?CMD
            CODE    1A96H     0007H     UNIT         ?PR?SYSCLK_INIT?C8051_SYS
>> TEM
            CODE    1A9DH     0007H     UNIT         ?PR?SMBUS_INIT?C8051_SMBU
>> S
            CODE    1AA4H     0007H     UNIT         ?PR?SMBUS_RESET?C8051_SMB
>> US
            CODE    1AABH     0006H     UNIT         ?PR?TX_SENDACK?C8051_I2C
            CODE    1AB1H     0006H     UNIT         ?PR?_READ_OPERATE?QSFP_ME
>> M
            CODE    1AB7H     0005H     UNIT         ?PR?RX_I2C_INIT?C8051_I2C
>> 
            CODE    1ABCH     0004H     UNIT         ?CO?QSFP_MEM
            CODE    1AC0H     0001H     UNIT         ?PR?INTERRUPTFORRX?QSFP_M
>> EM
            CODE    1AC1H     0001H     UNIT         ?PR?TIMELYLOOPDETECTION?Q
>> SFP_MEM
            CODE    1AC2H     0001H     UNIT         ?PR?DEBUG_STOPFUN?DEBUG
            CODE    1AC3H     0001H     UNIT         ?PR?INIT_USER_DEFINE?PARA
>> METERS



OVERLAY MAP OF MODULE:   D:\≤©ïNπ‚µÁ◊ ¡œ-20160709\≤©ïNπ‚µÁ◊ ¡œ\≥Ã–ÚºØ∫œ\¥”ª˙≥Ã
>> –Ú-≥ı ºªØSMBUS20160824\c8051_uart0 (C8051_I2C)


SEGMENT                                             BIT_GROUP          DATA_GR
>> OUP          XDATA_GROUP
  +--> CALLED SEGMENT                            START    LENGTH     START    
>> LENGTH     START    LENGTH
------------------------------------------------------------------------------
>> --------------------------
?PR?TIMER2_ISR?C8051_IT                          -----    -----      -----    
>> -----      -----    -----
  +--> ?PR?INTERRUPTFORTX?QSFP_MEM
  +--> ?PR?INTERRUPTFORRX?QSFP_MEM

?PR?INTERRUPTFORTX?QSFP_MEM                      -----    -----      -----    
>> -----      0200H    0004H
  +--> ?CO?QSFP_MEM
  +--> ?PR?_TX_I2C_BYTESREAD?C8051_I2C

?PR?_TX_I2C_BYTESREAD?C8051_I2C                  -----    -----      -----    
>> -----      0204H    0007H
  +--> ?PR?TX_I2C_START?C8051_I2C
  +--> ?PR?_TX_I2C_WRITE8BIT?C8051_I2C
  +--> ?PR?TX_I2C_ACK?C8051_I2C
  +--> ?PR?TX_I2C_READ8BIT?C8051_I2C
  +--> ?PR?TX_SENDACK?C8051_I2C
  +--> ?PR?TX_I2C_STOP?C8051_I2C

?PR?TX_I2C_START?C8051_I2C                       -----    -----      -----    
>> -----      -----    -----
  +--> ?PR?I2C_DELAY?C8051_I2C

?PR?I2C_DELAY?C8051_I2C                          -----    -----      -----    
>> -----      -----    -----
  +--> ?PR?_DELAY_I2C_TEMP?C8051_I2C

?PR?_TX_I2C_WRITE8BIT?C8051_I2C                  -----    -----      -----    
>> -----      -----    -----
  +--> ?PR?I2C_DELAY?C8051_I2C

BL51 BANKED LINKER/LOCATER V6.22            08/24/2016  14:21:41  PAGE 6


?PR?TX_I2C_ACK?C8051_I2C                         0020H.1  0000H.1    -----    
>> -----      -----    -----
  +--> ?PR?TX_I2C_STOP?C8051_I2C
  +--> ?PR?TX_I2C_START?C8051_I2C
  +--> ?PR?_TX_I2C_WRITE8BIT?C8051_I2C
  +--> ?PR?I2C_DELAY?C8051_I2C

?PR?TX_I2C_STOP?C8051_I2C                        -----    -----      -----    
>> -----      -----    -----
  +--> ?PR?I2C_DELAY?C8051_I2C

?PR?TX_I2C_READ8BIT?C8051_I2C                    -----    -----      -----    
>> -----      -----    -----
  +--> ?PR?I2C_DELAY?C8051_I2C

?PR?TX_SENDACK?C8051_I2C                         -----    -----      -----    
>> -----      -----    -----
  +--> ?PR?I2C_DELAY?C8051_I2C

*** NEW ROOT ***************************************************

?PR?SMBUS_ISR?C8051_IT                           -----    -----      -----    
>> -----      -----    -----
  +--> ?PR?_QSFP_INITFUNONE?QSFP_PROTOCOL
  +--> ?PR?_QSFP_INITFUNTWO?QSFP_PROTOCOL
  +--> ?PR?_DEBUG_INITFUN?DEBUG
  +--> ?PR?_DEBUG_RECIVERVALUE?DEBUG
  +--> ?PR?QSFP_ACK?QSFP_PROTOCOL
  +--> ?PR?DEBUG_ACK?DEBUG
  +--> ?PR?QSFPSTOP?QSFP_PROTOCOL
  +--> ?PR?SMBUS_RESET?C8051_SMBUS

?PR?_QSFP_INITFUNONE?QSFP_PROTOCOL               -----    -----      -----    
>> -----      020BH    0007H
  +--> ?PR?_QSFP_GETDATA?QSFP_MEM

?PR?_QSFP_GETDATA?QSFP_MEM                       -----    -----      -----    
>> -----      0212H    0004H
  +--> ?PR?_GETPRIVILEGE?QSFP_MEM
  +--> ?PR?_GET_DATA?QSFP_MEM
  +--> ?PR?_READ_OPERATE?QSFP_MEM

?PR?_GET_DATA?QSFP_MEM                           -----    -----      -----    
>> -----      021EH    0001H
  +--> ?PR?_FLASH_BYTEREAD?C8051_FLASH

?PR?_FLASH_BYTEREAD?C8051_FLASH                  0020H.2  0000H.1    000AH    
>> 0002H      -----    -----

?PR?_READ_OPERATE?QSFP_MEM                       -----    -----      -----    
>> -----      0216H    0001H

?PR?_QSFP_INITFUNTWO?QSFP_PROTOCOL               -----    -----      -----    
>> -----      020BH    0007H
  +--> ?PR?_QSFP_GETDATA?QSFP_MEM

?PR?_DEBUG_INITFUN?DEBUG                         -----    -----      -----    
>> -----      020BH    0006H

?PR?_DEBUG_RECIVERVALUE?DEBUG                    -----    -----      -----    
>> -----      020BH    0013H
  +--> ?PR?_PRASETOSTR?CMD
  +--> ?PR?_GETACCERSSREADFUN?CMD
  +--> ?PR?_GETACCERSSWRITEFUN?CMD
  +--> ?PR?_GETADDRESS?PARAMETERS
BL51 BANKED LINKER/LOCATER V6.22            08/24/2016  14:21:41  PAGE 7


  +--> ?PR?_GETPARAMETER?PARAMETERS
  +--> ?PR?_ADDPARAMETER?PARAMETERS
  +--> ?PR?_DELECETPARMETER?PARAMETERS
  +--> ?PR?_CHANGEPARMETER?PARAMETERS
  +--> ?PR?_FILLSINGLEBYTE?CMD
  +--> ?PR?_READONEJOUR?JOURNAL
  +--> ?PR?_FILLSINGLEBYTES?CMD
  +--> ?PR?_FLASH_BYTEREAD?C8051_FLASH

?PR?_PRASETOSTR?CMD                              -----    -----      -----    
>> -----      021EH    0008H

?PR?_GETACCERSSREADFUN?CMD                       -----    -----      -----    
>> -----      -----    -----
  +--> ?PR?_READ_TX?CMD
  +--> ?PR?_READ_RX?CMD
  +--> ?PR?_GET_DATA?QSFP_MEM
  +--> ?PR?_GETCONFIGNUM?JOURNAL

?PR?_READ_TX?CMD                                 -----    -----      -----    
>> -----      -----    -----
  +--> ?PR?_TX_I2C_SINGLEBYTEREAD?C8051_I2C

?PR?_TX_I2C_SINGLEBYTEREAD?C8051_I2C             -----    -----      -----    
>> -----      -----    -----
  +--> ?PR?TX_I2C_START?C8051_I2C
  +--> ?PR?_TX_I2C_WRITE8BIT?C8051_I2C
  +--> ?PR?TX_I2C_ACK?C8051_I2C
  +--> ?PR?TX_I2C_READ8BIT?C8051_I2C
  +--> ?PR?TX_I2C_STOP?C8051_I2C

?PR?_READ_RX?CMD                                 -----    -----      -----    
>> -----      -----    -----
  +--> ?PR?_RX_I2C_SINGLEBYTEREAD?C8051_I2C

?PR?_RX_I2C_SINGLEBYTEREAD?C8051_I2C             -----    -----      -----    
>> -----      -----    -----
  +--> ?PR?RX_I2C_START?C8051_I2C
  +--> ?PR?_RX_I2C_WRITE8BIT?C8051_I2C
  +--> ?PR?RX_I2C_ACK?C8051_I2C
  +--> ?PR?RX_I2C_READ8BIT?C8051_I2C
  +--> ?PR?RX_I2C_STOP?C8051_I2C

?PR?RX_I2C_START?C8051_I2C                       -----    -----      -----    
>> -----      -----    -----
  +--> ?PR?I2C_DELAY?C8051_I2C

?PR?_RX_I2C_WRITE8BIT?C8051_I2C                  -----    -----      -----    
>> -----      -----    -----
  +--> ?PR?I2C_DELAY?C8051_I2C

?PR?RX_I2C_ACK?C8051_I2C                         0020H.1  0000H.1    -----    
>> -----      -----    -----
  +--> ?PR?RX_I2C_STOP?C8051_I2C
  +--> ?PR?RX_I2C_START?C8051_I2C
  +--> ?PR?_RX_I2C_WRITE8BIT?C8051_I2C
  +--> ?PR?I2C_DELAY?C8051_I2C

?PR?RX_I2C_STOP?C8051_I2C                        -----    -----      -----    
>> -----      -----    -----
  +--> ?PR?I2C_DELAY?C8051_I2C

?PR?RX_I2C_READ8BIT?C8051_I2C                    -----    -----      -----    
>> -----      -----    -----
  +--> ?PR?I2C_DELAY?C8051_I2C
BL51 BANKED LINKER/LOCATER V6.22            08/24/2016  14:21:41  PAGE 8



?PR?_GETCONFIGNUM?JOURNAL                        -----    -----      -----    
>> -----      021EH    0001H
  +--> ?PR?_FLASH_READDATA?C8051_FLASH

?PR?_FLASH_READDATA?C8051_FLASH                  -----    -----      -----    
>> -----      0226H    0007H
  +--> ?PR?_FLASH_BYTEREAD?C8051_FLASH

?PR?_GETACCERSSWRITEFUN?CMD                      -----    -----      -----    
>> -----      -----    -----
  +--> ?PR?_WRITE_TX?CMD
  +--> ?PR?_WRITE_RX?CMD
  +--> ?PR?_WRITE_SINGLEDATA?QSFP_MEM

?PR?_WRITE_TX?CMD                                -----    -----      -----    
>> -----      021EH    0002H
  +--> ?PR?_TX_I2C_SINGLEBYTEWRITE?C8051_I2C
  +--> ?PR?_TX_I2C_SINGLEBYTEREAD?C8051_I2C

?PR?_TX_I2C_SINGLEBYTEWRITE?C8051_I2C            -----    -----      -----    
>> -----      -----    -----
  +--> ?PR?TX_I2C_START?C8051_I2C
  +--> ?PR?_TX_I2C_WRITE8BIT?C8051_I2C
  +--> ?PR?TX_I2C_ACK?C8051_I2C
  +--> ?PR?TX_I2C_STOP?C8051_I2C

?PR?_WRITE_RX?CMD                                -----    -----      -----    
>> -----      021EH    0002H
  +--> ?PR?_RX_I2C_SINGLEBYTEWRITE?C8051_I2C
  +--> ?PR?_RX_I2C_SINGLEBYTEREAD?C8051_I2C

?PR?_RX_I2C_SINGLEBYTEWRITE?C8051_I2C            -----    -----      -----    
>> -----      -----    -----
  +--> ?PR?RX_I2C_START?C8051_I2C
  +--> ?PR?_RX_I2C_WRITE8BIT?C8051_I2C
  +--> ?PR?RX_I2C_ACK?C8051_I2C
  +--> ?PR?RX_I2C_STOP?C8051_I2C

?PR?_WRITE_SINGLEDATA?QSFP_MEM                   -----    -----      -----    
>> -----      021EH    0002H
  +--> ?PR?_FLASHWRITEONEBYTE?QSFP_MEM

?PR?_FLASHWRITEONEBYTE?QSFP_MEM                  -----    -----      -----    
>> -----      0220H    0005H
  +--> ?PR?_FLASH_READDATA?C8051_FLASH
  +--> ?PR?_FLASH_PAGEERASE?C8051_FLASH
  +--> ?PR?_FLASH_WRITEDATA?C8051_FLASH

?PR?_FLASH_PAGEERASE?C8051_FLASH                 0020H.2  0000H.1    000AH    
>> 0002H      -----    -----

?PR?_FLASH_WRITEDATA?C8051_FLASH                 -----    -----      -----    
>> -----      022DH    0007H
  +--> ?PR?_FLASH_BYTEWRITE?C8051_FLASH

?PR?_FLASH_BYTEWRITE?C8051_FLASH                 0020H.2  0000H.1    000AH    
>> 0002H      -----    -----

?PR?_GETPARAMETER?PARAMETERS                     -----    -----      -----    
>> -----      021EH    0003H
  +--> ?PR?_FLASH_BYTEREAD?C8051_FLASH

?PR?_ADDPARAMETER?PARAMETERS                     -----    -----      -----    
>> -----      021EH    0006H
BL51 BANKED LINKER/LOCATER V6.22            08/24/2016  14:21:41  PAGE 9


  +--> ?PR?_GETOFFSET?PARAMETERS
  +--> ?PR?_FLASH_BYTEREAD?C8051_FLASH
  +--> ?PR?_FLASH_READDATA?C8051_FLASH
  +--> ?PR?_FLASH_PAGEERASE?C8051_FLASH
  +--> ?PR?_FLASH_WRITEDATA?C8051_FLASH
  +--> ?PR?_UPDATECONFIG?JOURNAL

?PR?_UPDATECONFIG?JOURNAL                        -----    -----      -----    
>> -----      0224H    0002H
  +--> ?PR?_FLASH_READDATA?C8051_FLASH
  +--> ?PR?_FLASH_PAGEERASE?C8051_FLASH
  +--> ?PR?_FLASH_WRITEDATA?C8051_FLASH

?PR?_DELECETPARMETER?PARAMETERS                  -----    -----      -----    
>> -----      021EH    0006H
  +--> ?PR?_GETOFFSET?PARAMETERS
  +--> ?PR?_FLASH_BYTEREAD?C8051_FLASH
  +--> ?PR?_FLASH_READDATA?C8051_FLASH
  +--> ?PR?_FLASH_PAGEERASE?C8051_FLASH
  +--> ?PR?_FLASH_WRITEDATA?C8051_FLASH
  +--> ?PR?_UPDATECONFIG?JOURNAL

?PR?_CHANGEPARMETER?PARAMETERS                   -----    -----      -----    
>> -----      021EH    0006H
  +--> ?PR?_GETOFFSET?PARAMETERS
  +--> ?PR?_FLASH_BYTEREAD?C8051_FLASH
  +--> ?PR?_FLASH_READDATA?C8051_FLASH
  +--> ?PR?_FLASH_PAGEERASE?C8051_FLASH
  +--> ?PR?_FLASH_WRITEDATA?C8051_FLASH

?PR?_FILLSINGLEBYTE?CMD                          -----    -----      -----    
>> -----      021EH    0009H

?PR?_READONEJOUR?JOURNAL                         -----    -----      -----    
>> -----      -----    -----
  +--> ?PR?_FLASH_READDATA?C8051_FLASH

?PR?_FILLSINGLEBYTES?CMD                         -----    -----      -----    
>> -----      021EH    000CH

?PR?QSFP_ACK?QSFP_PROTOCOL                       -----    -----      -----    
>> -----      020BH    0001H
  +--> ?PR?_QSFP_GETDATA?QSFP_MEM

?PR?QSFPSTOP?QSFP_PROTOCOL                       -----    -----      -----    
>> -----      -----    -----
  +--> ?PR?READOPERATERECORDINJOUR?QSFP_PROT...
  +--> ?PR?QSFP_WRITE?QSFP_PROTOCOL

?PR?READOPERATERECORDINJOUR?QSFP_PROT...         -----    -----      -----    
>> -----      -----    -----
  +--> ?PR?_GET_DATA?QSFP_MEM
  +--> ?PR?_ADDONEJOURNAL?JOURNAL

?PR?_ADDONEJOURNAL?JOURNAL                       -----    -----      -----    
>> -----      020CH    0005H
  +--> ?PR?_FLASH_BYTEREAD?C8051_FLASH
  +--> ?PR?ERASEALLJOUR?JOURNAL
  +--> ?PR?_FLASH_WRITEDATA?C8051_FLASH
  +--> ?PR?_UPDATECONFIG?JOURNAL

?PR?ERASEALLJOUR?JOURNAL                         -----    -----      -----    
>> -----      -----    -----
  +--> ?PR?_FLASH_PAGEERASE?C8051_FLASH

BL51 BANKED LINKER/LOCATER V6.22            08/24/2016  14:21:41  PAGE 10


?PR?QSFP_WRITE?QSFP_PROTOCOL                     -----    -----      -----    
>> -----      020BH    0001H
  +--> ?PR?_QSFP_WRITESINGLEDATA?QSFP_MEM
  +--> ?PR?_QSFP_WRITEDATAS?QSFP_MEM
  +--> ?PR?_GET_DATA?QSFP_MEM
  +--> ?PR?_ADDONEJOURNAL?JOURNAL

?PR?_QSFP_WRITESINGLEDATA?QSFP_MEM               -----    -----      -----    
>> -----      -----    -----
  +--> ?PR?_GETPRIVILEGE?QSFP_MEM
  +--> ?PR?_WRITE_SINGLEDATA?QSFP_MEM

?PR?_QSFP_WRITEDATAS?QSFP_MEM                    -----    -----      -----    
>> -----      020CH    0005H
  +--> ?PR?_GETPRIVILEGE?QSFP_MEM
  +--> ?PR?_WRITE_DATAS?QSFP_MEM

?PR?_WRITE_DATAS?QSFP_MEM                        -----    -----      -----    
>> -----      0211H    0006H
  +--> ?PR?_FLASHWRITEONEBYTES?QSFP_MEM

?PR?_FLASHWRITEONEBYTES?QSFP_MEM                 -----    -----      -----    
>> -----      0217H    0009H
  +--> ?PR?_FLASH_READDATA?C8051_FLASH
  +--> ?PR?_FLASH_PAGEERASE?C8051_FLASH
  +--> ?PR?_FLASH_WRITEDATA?C8051_FLASH

*** NEW ROOT ***************************************************

?C_C51STARTUP                                    -----    -----      -----    
>> -----      -----    -----
  +--> ?PR?MAIN?MAIN
  +--> ?C_INITSEG

?PR?MAIN?MAIN                                    -----    -----      -----    
>> -----      -----    -----
  +--> ?PR?SYSCLK_INIT?C8051_SYSTEM
  +--> ?PR?GPIO_INIT?C8051_GPIO
  +--> ?PR?UASRT0_INIT?C8051_USART
  +--> ?PR?TX_I2C_INIT?C8051_I2C
  +--> ?PR?RX_I2C_INIT?C8051_I2C
  +--> ?PR?SMBUS_INIT?C8051_SMBUS
  +--> ?PR?JOURNAL_MEMINIT?JOURNAL
  +--> ?PR?QSFP_INITVALUE?QSFP_MEM
  +--> ?PR?TIMER3_INIT?C8051_IT
  +--> ?PR?TIMER1_INIT?C8051_IT
  +--> ?PR?TIMER2_INIT?C8051_IT
  +--> ?PR?_DELAY_MS?C8051_I2C

?PR?JOURNAL_MEMINIT?JOURNAL                      -----    -----      -----    
>> -----      -----    -----
  +--> ?PR?_FLASH_BYTEREAD?C8051_FLASH
  +--> ?PR?_FLASH_PAGEERASE?C8051_FLASH
  +--> ?PR?_FLASH_WRITEDATA?C8051_FLASH
  +--> ?PR?ERASEALLJOUR?JOURNAL
  +--> ?PR?QSFP_FLASH_INIT?QSFP_MEM

?PR?QSFP_FLASH_INIT?QSFP_MEM                     -----    -----      -----    
>> -----      -----    -----
  +--> ?PR?_FLASH_PAGEERASE?C8051_FLASH
  +--> ?PR?_FLASH_WRITEDATA?C8051_FLASH

?PR?_DELAY_MS?C8051_I2C                          -----    -----      -----    
>> -----      -----    -----
  +--> ?PR?DELAY_1MS?C8051_I2C
BL51 BANKED LINKER/LOCATER V6.22            08/24/2016  14:21:41  PAGE 11





SYMBOL TABLE OF MODULE:  D:\≤©ïNπ‚µÁ◊ ¡œ-20160709\≤©ïNπ‚µÁ◊ ¡œ\≥Ã–ÚºØ∫œ\¥”ª˙≥Ã
>> –Ú-≥ı ºªØSMBUS20160824\c8051_uart0 (C8051_I2C)

  VALUE           TYPE          NAME
  ----------------------------------

  -------         MODULE        C8051_I2C
  C:0000H         SYMBOL        _ICE_DUMMY_
  D:0090H         PUBLIC        P1
  C:17DAH         PUBLIC        RX_I2C_Read8Bit
  B:0090H.4       PUBLIC        RX_I2C_SDA
  C:17B6H         PUBLIC        TX_I2C_Read8Bit
  C:1A24H         PUBLIC        delay_1ms
  B:0090H.2       PUBLIC        TX_I2C_SDA
  C:1A5CH         PUBLIC        _Delay_I2C_Temp
  B:0090H.5       PUBLIC        RX_I2C_SCL
  B:0090H.3       PUBLIC        TX_I2C_SCL
  C:1A39H         PUBLIC        I2C_Delay
  C:188BH         PUBLIC        _RX_I2C_Write8Bit
  C:191FH         PUBLIC        _TX_I2C_Write8Bit
  C:176CH         PUBLIC        _RX_I2C_SingleByteRead
  C:002EH         PUBLIC        RX_SendAck
  C:1747H         PUBLIC        _TX_I2C_SingleByteRead
  C:1AABH         PUBLIC        TX_SendAck
  C:0D71H         PUBLIC        _RX_I2C_BytesRead
  C:0CF0H         PUBLIC        _TX_I2C_BytesRead
  C:1822H         PUBLIC        _RX_I2C_SingleByteWrite
  C:17FEH         PUBLIC        _TX_I2C_SingleByteWrite
  C:172EH         PUBLIC        RX_I2C_Ack
  C:1A06H         PUBLIC        RX_I2C_Start
  C:000FH         PUBLIC        TX_I2C_Ack
  C:19F7H         PUBLIC        TX_I2C_Start
  C:1AB7H         PUBLIC        RX_I2C_Init
  C:0026H         PUBLIC        TX_I2C_Init
  C:13FDH         PUBLIC        _RX_I2C_BytesWrite
  C:1442H         PUBLIC        _TX_I2C_BytesWrite
  C:1A15H         PUBLIC        RX_I2C_Stop
  C:196BH         PUBLIC        _delay_ms
  C:1A7EH         PUBLIC        TX_I2C_Stop
  -------         PROC          DELAY_1MS
  -------         DO            
  D:0006H         SYMBOL        i
  -------         ENDDO         
  C:1A24H         LINE#         9
  C:1A24H         LINE#         10
  C:1A24H         LINE#         12
  C:1A28H         LINE#         13
  C:1A28H         LINE#         14
  C:1A31H         LINE#         15
  -------         ENDPROC       DELAY_1MS
  -------         PROC          _DELAY_MS
  D:0004H         SYMBOL        tms
  C:196BH         LINE#         24
  C:196FH         LINE#         25
  C:196FH         LINE#         26
  C:1978H         LINE#         27
  C:1978H         LINE#         28
  C:197BH         LINE#         29
  C:1982H         LINE#         30
  -------         ENDPROC       _DELAY_MS
  -------         PROC          _DELAY_I2C_TEMP
  D:0006H         SYMBOL        t
BL51 BANKED LINKER/LOCATER V6.22            08/24/2016  14:21:41  PAGE 12


  C:1A5CH         LINE#         38
  C:1A5CH         LINE#         39
  C:1A5CH         LINE#         40
  C:1A60H         LINE#         41
  C:1A60H         LINE#         42
  C:1A65H         LINE#         43
  C:1A67H         LINE#         44
  -------         ENDPROC       _DELAY_I2C_TEMP
  C:1A34H         SYMBOL        L?0067
  -------         PROC          L?0066
  -------         ENDPROC       L?0066
  C:1A34H         SYMBOL        L?0067
  -------         PROC          I2C_DELAY
  C:1A39H         LINE#         53
  C:1A39H         LINE#         54
  C:1A39H         LINE#         55
  -------         ENDPROC       I2C_DELAY
  -------         PROC          TX_I2C_INIT
  C:0026H         LINE#         65
  C:0026H         LINE#         66
  C:0026H         LINE#         67
  C:0028H         LINE#         68
  C:002AH         LINE#         69
  -------         ENDPROC       TX_I2C_INIT
  -------         PROC          RX_I2C_INIT
  C:1AB7H         LINE#         77
  C:1AB7H         LINE#         78
  C:1AB7H         LINE#         79
  C:1AB9H         LINE#         80
  C:1ABBH         LINE#         81
  -------         ENDPROC       RX_I2C_INIT
  -------         PROC          TX_I2C_START
  C:19F7H         LINE#         89
  C:19F7H         LINE#         90
  C:19F7H         LINE#         91
  C:19F9H         LINE#         92
  C:19FBH         LINE#         93
  C:19FEH         LINE#         94
  C:1A00H         LINE#         95
  C:1A03H         LINE#         96
  C:1A05H         LINE#         97
  -------         ENDPROC       TX_I2C_START
  -------         PROC          RX_I2C_START
  C:1A06H         LINE#         105
  C:1A06H         LINE#         106
  C:1A06H         LINE#         107
  C:1A08H         LINE#         108
  C:1A0AH         LINE#         109
  C:1A0DH         LINE#         110
  C:1A0FH         LINE#         111
  C:1A12H         LINE#         112
  C:1A14H         LINE#         113
  -------         ENDPROC       RX_I2C_START
  -------         PROC          TX_I2C_STOP
  C:1A7EH         LINE#         122
  C:1A7EH         LINE#         123
  C:1A7EH         LINE#         124
  C:1A7EH         LINE#         125
  C:1A7EH         LINE#         126
  C:1A7EH         LINE#         127
  C:1A81H         LINE#         128
  C:1A83H         LINE#         129
  -------         ENDPROC       TX_I2C_STOP
  -------         PROC          RX_I2C_STOP
  C:1A15H         LINE#         138
BL51 BANKED LINKER/LOCATER V6.22            08/24/2016  14:21:41  PAGE 13


  C:1A15H         LINE#         139
  C:1A15H         LINE#         140
  C:1A17H         LINE#         141
  C:1A1AH         LINE#         142
  C:1A1CH         LINE#         143
  C:1A1FH         LINE#         144
  C:1A21H         LINE#         145
  -------         ENDPROC       RX_I2C_STOP
  C:000BH         SYMBOL        L?0063
  -------         PROC          L?0062
  -------         ENDPROC       L?0062
  C:000BH         SYMBOL        L?0063
  -------         PROC          TX_I2C_ACK
  -------         DO            
  B:0020H.1       SYMBOL        ack
  -------         ENDDO         
  C:000FH         LINE#         155
  C:000FH         LINE#         156
  C:000FH         LINE#         158
  C:0011H         LINE#         159
  C:0011H         LINE#         160
  C:0011H         LINE#         161
  C:0014H         LINE#         162
  C:0018H         LINE#         163
  C:001BH         LINE#         164
  C:001DH         LINE#         165
  C:0020H         LINE#         167
  C:0022H         LINE#         168
  -------         ENDPROC       TX_I2C_ACK
  C:172AH         SYMBOL        L?0065
  -------         PROC          L?0064
  -------         ENDPROC       L?0064
  C:172AH         SYMBOL        L?0065
  -------         PROC          RX_I2C_ACK
  -------         DO            
  B:0020H.1       SYMBOL        ack
  -------         ENDDO         
  C:172EH         LINE#         177
  C:172EH         LINE#         178
  C:172EH         LINE#         180
  C:1730H         LINE#         181
  C:1733H         LINE#         182
  C:1735H         LINE#         183
  C:1738H         LINE#         184
  C:173CH         LINE#         185
  C:173FH         LINE#         186
  C:1741H         LINE#         187
  C:1744H         LINE#         189
  C:1746H         LINE#         190
  -------         ENDPROC       RX_I2C_ACK
  -------         PROC          _TX_I2C_WRITE8BIT
  D:0007H         SYMBOL        DData
  -------         DO            
  D:0003H         SYMBOL        i
  D:0005H         SYMBOL        temp
  -------         ENDDO         
  C:191FH         LINE#         198
  C:191FH         LINE#         199
  C:191FH         LINE#         202
  C:1921H         LINE#         203
  C:1923H         LINE#         204
  C:1923H         LINE#         205
  C:1927H         LINE#         206
  C:1927H         LINE#         207
  C:1927H         LINE#         208
BL51 BANKED LINKER/LOCATER V6.22            08/24/2016  14:21:41  PAGE 14


  C:192AH         LINE#         209
  C:192CH         LINE#         210
  C:192FH         LINE#         211
  C:1933H         LINE#         212
  C:1938H         LINE#         213
  -------         ENDPROC       _TX_I2C_WRITE8BIT
  -------         PROC          _RX_I2C_WRITE8BIT
  D:0007H         SYMBOL        DData
  -------         DO            
  D:0003H         SYMBOL        i
  D:0005H         SYMBOL        temp
  -------         ENDDO         
  C:188BH         LINE#         221
  C:188BH         LINE#         222
  C:188BH         LINE#         225
  C:188DH         LINE#         226
  C:188FH         LINE#         227
  C:188FH         LINE#         228
  C:1893H         LINE#         229
  C:1896H         LINE#         230
  C:1898H         LINE#         231
  C:189BH         LINE#         232
  C:189DH         LINE#         233
  C:18A0H         LINE#         234
  C:18A4H         LINE#         235
  C:18A9H         LINE#         236
  -------         ENDPROC       _RX_I2C_WRITE8BIT
  -------         PROC          TX_I2C_READ8BIT
  -------         DO            
  D:0004H         SYMBOL        i
  D:0005H         SYMBOL        ReadData
  -------         ENDDO         
  C:17B6H         LINE#         244
  C:17B6H         LINE#         245
  C:17B6H         LINE#         248
  C:17B8H         LINE#         249
  C:17BAH         LINE#         250
  C:17BAH         LINE#         251
  C:17BCH         LINE#         252
  C:17BFH         LINE#         253
  C:17C3H         LINE#         254
  C:17C6H         LINE#         255
  C:17C9H         LINE#         256
  C:17C9H         LINE#         257
  C:17CDH         LINE#         258
  C:17CDH         LINE#         259
  C:17CFH         LINE#         260
  C:17D2H         LINE#         261
  C:17D7H         LINE#         262
  C:17D9H         LINE#         263
  -------         ENDPROC       TX_I2C_READ8BIT
  -------         PROC          RX_I2C_READ8BIT
  -------         DO            
  D:0004H         SYMBOL        i
  D:0005H         SYMBOL        ReadData
  -------         ENDDO         
  C:17DAH         LINE#         271
  C:17DAH         LINE#         272
  C:17DAH         LINE#         275
  C:17DCH         LINE#         276
  C:17DEH         LINE#         277
  C:17DEH         LINE#         278
  C:17E0H         LINE#         279
  C:17E3H         LINE#         280
  C:17E7H         LINE#         281
BL51 BANKED LINKER/LOCATER V6.22            08/24/2016  14:21:41  PAGE 15


  C:17EAH         LINE#         282
  C:17EDH         LINE#         283
  C:17EDH         LINE#         284
  C:17F1H         LINE#         285
  C:17F1H         LINE#         286
  C:17F3H         LINE#         287
  C:17F6H         LINE#         288
  C:17FBH         LINE#         289
  C:17FDH         LINE#         290
  -------         ENDPROC       RX_I2C_READ8BIT
  -------         PROC          _TX_I2C_SINGLEBYTEWRITE
  D:0001H         SYMBOL        Daddr
  D:0002H         SYMBOL        Waddr
  D:0004H         SYMBOL        Data
  C:17FEH         LINE#         321
  C:1804H         LINE#         322
  C:1804H         LINE#         323
  C:1807H         LINE#         324
  C:180CH         LINE#         325
  C:180FH         LINE#         326
  C:1814H         LINE#         327
  C:1817H         LINE#         328
  C:181CH         LINE#         329
  C:181FH         LINE#         330
  -------         ENDPROC       _TX_I2C_SINGLEBYTEWRITE
  -------         PROC          _RX_I2C_SINGLEBYTEWRITE
  D:0001H         SYMBOL        Daddr
  D:0002H         SYMBOL        Waddr
  D:0004H         SYMBOL        Data
  C:1822H         LINE#         339
  C:1828H         LINE#         340
  C:1828H         LINE#         341
  C:182BH         LINE#         342
  C:1830H         LINE#         343
  C:1833H         LINE#         344
  C:1838H         LINE#         345
  C:183BH         LINE#         346
  C:1840H         LINE#         347
  C:1843H         LINE#         348
  -------         ENDPROC       _RX_I2C_SINGLEBYTEWRITE
  -------         PROC          _RX_I2C_BYTESWRITE
  X:0264H         SYMBOL        Daddr
  X:0265H         SYMBOL        Waddr
  X:0266H         SYMBOL        DataArray
  X:0269H         SYMBOL        num
  -------         DO            
  D:0004H         SYMBOL        Temp
  -------         ENDDO         
  C:13FDH         LINE#         351
  C:140EH         LINE#         352
  C:140EH         LINE#         353
  C:1411H         LINE#         354
  C:1414H         LINE#         355
  C:1418H         LINE#         356
  C:141BH         LINE#         357
  C:141DH         LINE#         358
  C:1420H         LINE#         360
  C:1426H         LINE#         361
  C:1426H         LINE#         362
  C:1439H         LINE#         363
  C:143CH         LINE#         364
  C:143DH         LINE#         365
  C:143FH         LINE#         366
  -------         ENDPROC       _RX_I2C_BYTESWRITE
  -------         PROC          _TX_I2C_BYTESWRITE
BL51 BANKED LINKER/LOCATER V6.22            08/24/2016  14:21:41  PAGE 16


  X:026AH         SYMBOL        Daddr
  X:026BH         SYMBOL        Waddr
  X:026CH         SYMBOL        DataArray
  X:026FH         SYMBOL        num
  -------         DO            
  D:0004H         SYMBOL        Temp
  -------         ENDDO         
  C:1442H         LINE#         368
  C:1453H         LINE#         369
  C:1453H         LINE#         370
  C:1456H         LINE#         371
  C:1459H         LINE#         372
  C:145DH         LINE#         373
  C:1460H         LINE#         374
  C:1462H         LINE#         375
  C:1465H         LINE#         377
  C:146BH         LINE#         378
  C:146BH         LINE#         379
  C:147EH         LINE#         380
  C:1481H         LINE#         381
  C:1482H         LINE#         382
  C:1484H         LINE#         383
  -------         ENDPROC       _TX_I2C_BYTESWRITE
  -------         PROC          TX_SENDACK
  C:1AABH         LINE#         385
  C:1AABH         LINE#         386
  C:1AABH         LINE#         387
  C:1AABH         LINE#         388
  C:1AABH         LINE#         389
  C:1AABH         LINE#         390
  C:1AAEH         LINE#         391
  C:1AB0H         LINE#         392
  -------         ENDPROC       TX_SENDACK
  -------         PROC          RX_SENDACK
  C:002EH         LINE#         393
  C:002EH         LINE#         394
  C:002EH         LINE#         395
  C:0030H         LINE#         396
  C:0033H         LINE#         397
  C:0035H         LINE#         398
  C:0038H         LINE#         399
  C:003AH         LINE#         400
  -------         ENDPROC       RX_SENDACK
  -------         PROC          _TX_I2C_SINGLEBYTEREAD
  D:0004H         SYMBOL        Daddr
  D:0002H         SYMBOL        Waddr
  -------         DO            
  D:0005H         SYMBOL        ReadData
  -------         ENDDO         
  C:1747H         LINE#         409
  C:174BH         LINE#         410
  C:174BH         LINE#         412
  C:174EH         LINE#         413
  C:1753H         LINE#         414
  C:1756H         LINE#         415
  C:175BH         LINE#         416
  C:175EH         LINE#         417
  C:175EH         LINE#         419
  C:175EH         LINE#         420
  C:175EH         LINE#         421
  C:1761H         LINE#         422
  C:1766H         LINE#         424
  C:1769H         LINE#         426
  C:176BH         LINE#         427
  -------         ENDPROC       _TX_I2C_SINGLEBYTEREAD
BL51 BANKED LINKER/LOCATER V6.22            08/24/2016  14:21:41  PAGE 17


  -------         PROC          _TX_I2C_BYTESREAD
  D:0004H         SYMBOL        Daddr
  X:0205H         SYMBOL        Waddr
  X:0206H         SYMBOL        arry
  X:0209H         SYMBOL        num
  -------         DO            
  X:020AH         SYMBOL        Temp
  -------         ENDDO         
  C:0CF0H         LINE#         429
  C:0D00H         LINE#         430
  C:0D00H         LINE#         431
  C:0D05H         LINE#         433
  C:0D08H         LINE#         434
  C:0D0DH         LINE#         435
  C:0D10H         LINE#         436
  C:0D14H         LINE#         437
  C:0D17H         LINE#         438
  C:0D17H         LINE#         440
  C:0D17H         LINE#         441
  C:0D17H         LINE#         442
  C:0D1AH         LINE#         443
  C:0D2FH         LINE#         444
  C:0D40H         LINE#         445
  C:0D40H         LINE#         446
  C:0D43H         LINE#         447
  C:0D5AH         LINE#         448
  C:0D62H         LINE#         449
  C:0D65H         LINE#         451
  C:0D70H         LINE#         452
  -------         ENDPROC       _TX_I2C_BYTESREAD
  -------         PROC          _RX_I2C_SINGLEBYTEREAD
  D:0004H         SYMBOL        Daddr
  D:0002H         SYMBOL        Waddr
  -------         DO            
  D:0005H         SYMBOL        ReadData
  -------         ENDDO         
  C:176CH         LINE#         461
  C:1770H         LINE#         462
  C:1770H         LINE#         464
  C:1773H         LINE#         465
  C:1778H         LINE#         466
  C:177BH         LINE#         467
  C:1780H         LINE#         468
  C:1783H         LINE#         469
  C:1783H         LINE#         471
  C:1783H         LINE#         472
  C:1783H         LINE#         473
  C:1786H         LINE#         474
  C:178BH         LINE#         475
  C:178EH         LINE#         477
  C:1790H         LINE#         478
  -------         ENDPROC       _RX_I2C_SINGLEBYTEREAD
  -------         PROC          _RX_I2C_BYTESREAD
  D:0004H         SYMBOL        Daddr
  X:025EH         SYMBOL        Waddr
  X:025FH         SYMBOL        arry
  X:0262H         SYMBOL        num
  -------         DO            
  X:0263H         SYMBOL        Temp
  -------         ENDDO         
  C:0D71H         LINE#         479
  C:0D81H         LINE#         480
  C:0D81H         LINE#         482
  C:0D84H         LINE#         483
  C:0D89H         LINE#         484
BL51 BANKED LINKER/LOCATER V6.22            08/24/2016  14:21:41  PAGE 18


  C:0D8CH         LINE#         485
  C:0D90H         LINE#         486
  C:0D93H         LINE#         487
  C:0D93H         LINE#         489
  C:0D93H         LINE#         490
  C:0D93H         LINE#         491
  C:0D96H         LINE#         492
  C:0DABH         LINE#         493
  C:0DBCH         LINE#         494
  C:0DBCH         LINE#         495
  C:0DBFH         LINE#         496
  C:0DD6H         LINE#         497
  C:0DDEH         LINE#         498
  C:0DE1H         LINE#         500
  C:0DECH         LINE#         501
  -------         ENDPROC       _RX_I2C_BYTESREAD
  -------         ENDMOD        C8051_I2C

  -------         MODULE        MAIN
  C:0000H         SYMBOL        _ICE_DUMMY_
  D:0090H         PUBLIC        P1
  D:00E6H         PUBLIC        EIE1
  B:00A8H.7       PUBLIC        EA
  D:00D9H         PUBLIC        PCA0MD
  C:1584H         PUBLIC        main
  X:0270H         PUBLIC        tempArray
  B:00A8H.4       PUBLIC        ES0
  B:00A8H.5       PUBLIC        ET2
  B:00C8H.2       PUBLIC        TR2
  -------         PROC          MAIN
  C:1584H         LINE#         26
  C:1584H         LINE#         27
  C:1584H         LINE#         29
  C:1587H         LINE#         32
  C:158AH         LINE#         33
  C:158DH         LINE#         34
  C:1590H         LINE#         35
  C:1593H         LINE#         36
  C:1596H         LINE#         37
  C:1599H         LINE#         38
  C:159CH         LINE#         40
  C:159FH         LINE#         41
  C:15A2H         LINE#         42
  C:15A5H         LINE#         43
  C:15A8H         LINE#         45
  C:15ABH         LINE#         46
  C:15ADH         LINE#         47
  C:15AFH         LINE#         48
  C:15B1H         LINE#         49
  C:15B3H         LINE#         51
  C:15B3H         LINE#         52
  C:15B3H         LINE#         53
  C:15BAH         LINE#         54
  -------         ENDPROC       MAIN
  -------         ENDMOD        MAIN

  -------         MODULE        C8051_SYSTEM
  C:0000H         SYMBOL        _ICE_DUMMY_
  D:0090H         PUBLIC        P1
  C:0072H         PUBLIC        Flash_init
  D:00B2H         PUBLIC        OSCICN
  C:1A96H         PUBLIC        SYSCLK_Init
  D:00EFH         PUBLIC        RSTSRC
  -------         PROC          SYSCLK_INIT
  C:1A96H         LINE#         11
BL51 BANKED LINKER/LOCATER V6.22            08/24/2016  14:21:41  PAGE 19


  C:1A96H         LINE#         12
  C:1A96H         LINE#         13
  C:1A99H         LINE#         14
  C:1A9CH         LINE#         15
  -------         ENDPROC       SYSCLK_INIT
  -------         PROC          FLASH_INIT
  C:0072H         LINE#         16
  C:0072H         LINE#         17
  C:0072H         LINE#         36
  -------         ENDPROC       FLASH_INIT
  -------         ENDMOD        C8051_SYSTEM

  -------         MODULE        C8051_USART
  C:0000H         SYMBOL        _ICE_DUMMY_
  B:00A8H.7       PUBLIC        EA
  D:0089H         PUBLIC        TMOD
  C:1999H         PUBLIC        UASRT0_Init
  B:00A8H.4       PUBLIC        ES0
  B:0098H.1       PUBLIC        TI0
  D:008DH         PUBLIC        TH1
  D:008BH         PUBLIC        TL1
  B:0088H.6       PUBLIC        TR1
  D:0099H         PUBLIC        SBUF0
  D:0098H         PUBLIC        SCON0
  C:15BCH         PUBLIC        _UASRT0_SendStr
  D:008EH         PUBLIC        CKCON
  C:1A40H         PUBLIC        _UASRT0_Transmit
  -------         PROC          UASRT0_INIT
  C:1999H         LINE#         12
  C:1999H         LINE#         13
  C:1999H         LINE#         14
  C:199CH         LINE#         15
  C:199CH         LINE#         16
  C:199CH         LINE#         17
  C:199CH         LINE#         18
  C:199CH         LINE#         19
  C:199CH         LINE#         20
  C:199CH         LINE#         21
  C:199CH         LINE#         22
  C:199CH         LINE#         23
  C:199CH         LINE#         24
  C:199CH         LINE#         25
  C:199CH         LINE#         26
  C:199CH         LINE#         27
  C:199CH         LINE#         28
  C:199CH         LINE#         29
  C:199FH         LINE#         30
  C:19A2H         LINE#         31
  C:19A2H         LINE#         33
  C:19A2H         LINE#         34
  C:19A2H         LINE#         35
  C:19A2H         LINE#         36
  C:19A2H         LINE#         37
  C:19A2H         LINE#         39
  C:19A5H         LINE#         40
  C:19A8H         LINE#         41
  C:19ABH         LINE#         42
  C:19ADH         LINE#         43
  -------         ENDPROC       UASRT0_INIT
  -------         PROC          _UASRT0_TRANSMIT
  D:0007H         SYMBOL        Data
  C:1A40H         LINE#         52
  C:1A40H         LINE#         53
  C:1A40H         LINE#         54
  C:1A42H         LINE#         55
BL51 BANKED LINKER/LOCATER V6.22            08/24/2016  14:21:41  PAGE 20


  C:1A44H         LINE#         56
  C:1A47H         LINE#         57
  C:1A49H         LINE#         58
  C:1A4BH         LINE#         59
  C:1A4DH         LINE#         60
  -------         ENDPROC       _UASRT0_TRANSMIT
  -------         PROC          _UASRT0_SENDSTR
  X:0278H         SYMBOL        Data
  C:15BCH         LINE#         69
  C:15C7H         LINE#         70
  C:15C7H         LINE#         71
  C:15D7H         LINE#         72
  C:15D7H         LINE#         73
  C:15ECH         LINE#         74
  C:15EEH         LINE#         75
  -------         ENDPROC       _UASRT0_SENDSTR
  -------         ENDMOD        C8051_USART

  -------         MODULE        C8051_IT
  C:0000H         SYMBOL        _ICE_DUMMY_
  X:0244H         PUBLIC        InterBeginTime
  D:0090H         PUBLIC        P1
  D:00E6H         PUBLIC        EIE1
  C:1371H         PUBLIC        Timer2_ISR
  C:1A74H         PUBLIC        Timer3_ISR
  X:0245H         PUBLIC        SMBUSFIFOReciver
  C:1A4EH         PUBLIC        USART0_ISR
  B:00C8H.7       PUBLIC        TF2H
  B:00C0H.2       PUBLIC        ARBLOST
  C:0540H         PUBLIC        SMBus_ISR
  B:00C0H.0       PUBLIC        SI
  D:00C1H         PUBLIC        SMB0CF
  D:00C0H         PUBLIC        SMB0CN
  D:00CCH         PUBLIC        TMR2
  D:0094H         PUBLIC        TMR3
  C:19C3H         PUBLIC        Timer1_Init
  C:19AEH         PUBLIC        Timer2_Init
  C:1939H         PUBLIC        Timer3_Init
  D:0089H         PUBLIC        TMOD
  D:00C8H         PUBLIC        TMR2CN
  D:0091H         PUBLIC        TMR3CN
  D:00CAH         PUBLIC        TMR2RL
  D:0092H         PUBLIC        TMR3RL
  B:00A8H.4       PUBLIC        ES0
  X:024FH         PUBLIC        IsSend
  B:0098H.0       PUBLIC        RI0
  B:0098H.1       PUBLIC        TI0
  D:008DH         PUBLIC        TH1
  B:00C0H.1       PUBLIC        ACK
  D:008BH         PUBLIC        TL1
  B:0088H.6       PUBLIC        TR1
  B:00C8H.2       PUBLIC        TR2
  X:0250H         PUBLIC        ReiciverbufferSize
  X:0251H         PUBLIC        CurrentSlave
  B:00C0H.5       PUBLIC        STA
  D:00C2H         PUBLIC        SMB0DAT
  D:008EH         PUBLIC        CKCON
  X:0252H         PUBLIC        SendSingleValue
  B:00C0H.4       PUBLIC        STO
  B:0090H.1       PUBLIC        Tx_int
  -------         PROC          TIMER3_INIT
  C:1939H         LINE#         28
  C:1939H         LINE#         29
  C:1939H         LINE#         30
  C:193CH         LINE#         33
BL51 BANKED LINKER/LOCATER V6.22            08/24/2016  14:21:41  PAGE 21


  C:193FH         LINE#         35
  C:1945H         LINE#         36
  C:194BH         LINE#         39
  C:194EH         LINE#         40
  C:1951H         LINE#         41
  -------         ENDPROC       TIMER3_INIT
  -------         PROC          TIMER2_INIT
  C:19AEH         LINE#         49
  C:19AEH         LINE#         50
  C:19AEH         LINE#         51
  C:19B1H         LINE#         52
  C:19B4H         LINE#         56
  C:19BAH         LINE#         57
  C:19C0H         LINE#         58
  C:19C2H         LINE#         59
  -------         ENDPROC       TIMER2_INIT
  -------         PROC          TIMER3_ISR
  C:1A74H         LINE#         60
  C:1A74H         LINE#         62
  C:1A77H         LINE#         63
  C:1A7AH         LINE#         64
  C:1A7DH         LINE#         65
  -------         ENDPROC       TIMER3_ISR
  -------         PROC          USART0_ISR
  C:1A4EH         LINE#         73
  C:1A4EH         LINE#         77
  C:1A50H         LINE#         78
  C:1A53H         LINE#         79
  C:1A53H         LINE#         81
  C:1A55H         LINE#         82
  C:1A57H         LINE#         84
  C:1A59H         LINE#         85
  C:1A5BH         LINE#         86
  -------         ENDPROC       USART0_ISR
  -------         PROC          TIMER2_ISR
  C:1371H         LINE#         96
  C:138EH         LINE#         99
  C:1391H         LINE#         100
  C:1391H         LINE#         101
  C:1394H         LINE#         102
  C:1394H         LINE#         103
  C:1397H         LINE#         104
  C:1397H         LINE#         105
  C:139AH         LINE#         106
  C:139AH         LINE#         107
  C:139CH         LINE#         108
  -------         ENDPROC       TIMER2_ISR
  -------         PROC          TIMER1_INIT
  C:19C3H         LINE#         109
  C:19C3H         LINE#         110
  C:19C3H         LINE#         120
  C:19C6H         LINE#         121
  C:19C9H         LINE#         124
  C:19CCH         LINE#         127
  C:19CFH         LINE#         129
  C:19D2H         LINE#         131
  C:19D4H         LINE#         132
  -------         ENDPROC       TIMER1_INIT
  -------         PROC          SMBUS_ISR
  C:0540H         LINE#         141
  C:055DH         LINE#         143
  C:0563H         LINE#         144
  C:0563H         LINE#         145
  C:0588H         LINE#         146
  C:0588H         LINE#         147
BL51 BANKED LINKER/LOCATER V6.22            08/24/2016  14:21:41  PAGE 22


  C:0588H         LINE#         148
  C:058AH         LINE#         149
  C:0590H         LINE#         150
  C:059CH         LINE#         151
  C:059CH         LINE#         153
  C:059CH         LINE#         154
  C:05A2H         LINE#         155
  C:05A4H         LINE#         156
  C:05ABH         LINE#         157
  C:05C6H         LINE#         158
  C:05CEH         LINE#         159
  C:05E6H         LINE#         160
  C:05E8H         LINE#         161
  C:05E8H         LINE#         162
  C:05EAH         LINE#         163
  C:0601H         LINE#         164
  C:0607H         LINE#         165
  C:0609H         LINE#         166
  C:0609H         LINE#         167
  C:060EH         LINE#         168
  C:0610H         LINE#         169
  C:0614H         LINE#         170
  C:0614H         LINE#         171
  C:0614H         LINE#         172
  C:061DH         LINE#         173
  C:061DH         LINE#         175
  C:0623H         LINE#         176
  C:0628H         LINE#         177
  C:0628H         LINE#         178
  C:062BH         LINE#         179
  C:062BH         LINE#         180
  C:063FH         LINE#         181
  C:0646H         LINE#         182
  C:0646H         LINE#         183
  C:065DH         LINE#         184
  C:065DH         LINE#         185
  C:0663H         LINE#         186
  C:0663H         LINE#         187
  C:0669H         LINE#         188
  C:066EH         LINE#         189
  C:066EH         LINE#         190
  C:0670H         LINE#         191
  C:0672H         LINE#         192
  C:0672H         LINE#         193
  C:0675H         LINE#         194
  C:0675H         LINE#         195
  C:0681H         LINE#         196
  C:0681H         LINE#         197
  C:0681H         LINE#         198
  C:0686H         LINE#         199
  C:0688H         LINE#         200
  C:0688H         LINE#         201
  C:068DH         LINE#         202
  C:068FH         LINE#         203
  C:068FH         LINE#         204
  C:068FH         LINE#         205
  C:068FH         LINE#         206
  C:068FH         LINE#         207
  C:068FH         LINE#         209
  C:0697H         LINE#         210
  C:0697H         LINE#         211
  C:0697H         LINE#         212
  C:069AH         LINE#         213
  C:069AH         LINE#         214
  C:069FH         LINE#         215
BL51 BANKED LINKER/LOCATER V6.22            08/24/2016  14:21:41  PAGE 23


  C:06A3H         LINE#         216
  C:06A7H         LINE#         217
  C:06A9H         LINE#         218
  C:06ABH         LINE#         219
  C:06ABH         LINE#         221
  C:06ABH         LINE#         223
  C:06ABH         LINE#         224
  C:06AEH         LINE#         225
  C:06AEH         LINE#         226
  C:06B0H         LINE#         227
  -------         ENDPROC       SMBUS_ISR
  -------         ENDMOD        C8051_IT

  -------         MODULE        C8051_GPIO
  C:0000H         SYMBOL        _ICE_DUMMY_
  D:0080H         PUBLIC        P0
  D:0090H         PUBLIC        P1
  D:00A4H         PUBLIC        P0MDOUT
  D:00A5H         PUBLIC        P1MDOUT
  D:00E1H         PUBLIC        XBR0
  D:00E2H         PUBLIC        XBR1
  C:18AAH         PUBLIC        GPIO_Init
  D:00F1H         PUBLIC        P0MDIN
  D:00F2H         PUBLIC        P1MDIN
  D:00D4H         PUBLIC        P0SKIP
  -------         PROC          GPIO_INIT
  C:18AAH         LINE#         10
  C:18AAH         LINE#         11
  C:18AAH         LINE#         12
  C:18ADH         LINE#         13
  C:18B0H         LINE#         14
  C:18B3H         LINE#         15
  C:18B6H         LINE#         18
  C:18B9H         LINE#         19
  C:18BCH         LINE#         20
  C:18BFH         LINE#         23
  C:18C2H         LINE#         24
  C:18C5H         LINE#         25
  C:18C8H         LINE#         26
  -------         ENDPROC       GPIO_INIT
  -------         ENDMOD        C8051_GPIO

  -------         MODULE        CMD
  C:0000H         SYMBOL        _ICE_DUMMY_
  D:0090H         PUBLIC        P1
  C:1791H         PUBLIC        _GetAccerssReadFun
  X:027DH         PUBLIC        tempi
  C:18C9H         PUBLIC        _GetAccerssWriteFun
  C:1A86H         PUBLIC        _Read_Rx
  C:1A8EH         PUBLIC        _Read_Tx
  C:16D4H         PUBLIC        _Write_Rx
  C:16FBH         PUBLIC        _Write_Tx
  C:0DEDH         PUBLIC        _Fillsinglebytes
  C:0896H         PUBLIC        _praseTostr
  C:0FA8H         PUBLIC        _Fillsinglebyte
  -------         PROC          _READ_RX
  D:0007H         SYMBOL        lowAddress
  C:1A86H         LINE#         11
  C:1A86H         LINE#         12
  C:1A86H         LINE#         13
  C:1A8DH         LINE#         14
  -------         ENDPROC       _READ_RX
  -------         PROC          _READ_TX
  D:0007H         SYMBOL        lowAddress
  C:1A8EH         LINE#         15
BL51 BANKED LINKER/LOCATER V6.22            08/24/2016  14:21:41  PAGE 24


  C:1A8EH         LINE#         16
  C:1A8EH         LINE#         17
  C:1A95H         LINE#         18
  -------         ENDPROC       _READ_TX
  -------         PROC          _WRITE_RX
  X:021EH         SYMBOL        lowAddress
  X:021FH         SYMBOL        uint8_t
  C:16D4H         LINE#         19
  C:16DDH         LINE#         20
  C:16DDH         LINE#         21
  C:16E4H         LINE#         22
  C:16F5H         LINE#         23
  C:16F8H         LINE#         25
  C:16FAH         LINE#         26
  -------         ENDPROC       _WRITE_RX
  -------         PROC          _WRITE_TX
  X:021EH         SYMBOL        lowAddress
  X:021FH         SYMBOL        uint8_t
  C:16FBH         LINE#         28
  C:1704H         LINE#         29
  C:1704H         LINE#         31
  C:170BH         LINE#         32
  C:171CH         LINE#         33
  C:171FH         LINE#         35
  C:1721H         LINE#         36
  -------         ENDPROC       _WRITE_TX
  -------         PROC          _PRASETOSTR
  X:021EH         SYMBOL        cmd
  X:0221H         SYMBOL        buffer
  X:0224H         SYMBOL        bufferLength
  -------         DO            
  X:0225H         SYMBOL        num
  -------         ENDDO         
  C:0896H         LINE#         37
  C:08A1H         LINE#         38
  C:08A1H         LINE#         39
  C:08A6H         LINE#         40
  C:08C4H         LINE#         41
  C:08EBH         LINE#         42
  C:08F7H         LINE#         43
  C:0901H         LINE#         44
  C:090AH         LINE#         45
  C:090AH         LINE#         46
  C:090DH         LINE#         47
  C:0944H         LINE#         48
  C:0946H         LINE#         49
  -------         ENDPROC       _PRASETOSTR
  -------         PROC          _GETACCERSSREADFUN
  D:0007H         SYMBOL        highAddress
  C:1791H         LINE#         51
  C:1791H         LINE#         52
  C:1791H         LINE#         53
  C:179EH         LINE#         54
  C:179EH         LINE#         55
  C:179EH         LINE#         56
  C:17A3H         LINE#         57
  C:17A3H         LINE#         58
  C:17A3H         LINE#         59
  C:17A8H         LINE#         60
  C:17A8H         LINE#         61
  C:17A8H         LINE#         62
  C:17ADH         LINE#         63
  C:17ADH         LINE#         64
  C:17B2H         LINE#         65
  C:17B2H         LINE#         66
BL51 BANKED LINKER/LOCATER V6.22            08/24/2016  14:21:41  PAGE 25


  C:17B5H         LINE#         67
  C:17B5H         LINE#         68
  C:17B5H         LINE#         69
  -------         ENDPROC       _GETACCERSSREADFUN
  -------         PROC          _GETACCERSSWRITEFUN
  D:0007H         SYMBOL        highAddress
  C:18C9H         LINE#         70
  C:18C9H         LINE#         71
  C:18C9H         LINE#         72
  C:18D3H         LINE#         73
  C:18D3H         LINE#         74
  C:18D3H         LINE#         75
  C:18D8H         LINE#         76
  C:18D8H         LINE#         77
  C:18D8H         LINE#         78
  C:18DDH         LINE#         79
  C:18DDH         LINE#         80
  C:18DDH         LINE#         81
  C:18E2H         LINE#         82
  C:18E2H         LINE#         83
  C:18E5H         LINE#         84
  C:18E5H         LINE#         85
  C:18E5H         LINE#         86
  -------         ENDPROC       _GETACCERSSWRITEFUN
  -------         PROC          _FILLSINGLEBYTE
  D:0007H         SYMBOL        GetValue
  X:021FH         SYMBOL        Sendbuff
  X:0222H         SYMBOL        cmd
  -------         DO            
  D:0006H         SYMBOL        tempi
  X:0225H         SYMBOL        sendHead
  -------         ENDDO         
  C:0FA8H         LINE#         87
  C:0FB3H         LINE#         88
  C:0FB3H         LINE#         89
  C:0FB5H         LINE#         90
  C:0FC2H         LINE#         93
  C:0FC3H         LINE#         94
  C:0FC3H         LINE#         95
  C:0FE8H         LINE#         96
  C:0FEDH         LINE#         97
  C:1001H         LINE#         98
  C:1005H         LINE#         99
  C:1006H         LINE#         100
  -------         ENDPROC       _FILLSINGLEBYTE
  -------         PROC          _FILLSINGLEBYTES
  X:021EH         SYMBOL        value
  D:0005H         SYMBOL        fillNum
  X:0222H         SYMBOL        Sendbuff
  X:0225H         SYMBOL        cmd
  -------         DO            
  D:0007H         SYMBOL        tempi
  X:0228H         SYMBOL        sendHead
  -------         ENDDO         
  C:0DEDH         LINE#         101
  C:0DF8H         LINE#         102
  C:0DF8H         LINE#         103
  C:0DF8H         LINE#         104
  C:0E07H         LINE#         107
  C:0E09H         LINE#         108
  C:0E09H         LINE#         109
  C:0E2EH         LINE#         110
  C:0E33H         LINE#         111
  C:0E3AH         LINE#         112
  C:0E3AH         LINE#         113
BL51 BANKED LINKER/LOCATER V6.22            08/24/2016  14:21:41  PAGE 26


  C:0E65H         LINE#         114
  C:0E67H         LINE#         115
  C:0E67H         LINE#         116
  -------         ENDPROC       _FILLSINGLEBYTES
  -------         ENDMOD        CMD

  -------         MODULE        C8051_FLASH
  C:0000H         SYMBOL        _ICE_DUMMY_
  B:00A8H.7       PUBLIC        EA
  D:008FH         PUBLIC        PSCTL
  D:00FFH         PUBLIC        VDM0CN
  C:1651H         PUBLIC        _FLASH_PageErase
  C:124AH         PUBLIC        _FLASH_ReadData
  C:10B7H         PUBLIC        _FLASH_WriteData
  D:00EFH         PUBLIC        RSTSRC
  C:1983H         PUBLIC        _FLASH_ByteRead
  C:1622H         PUBLIC        _FLASH_ByteWrite
  D:00B7H         PUBLIC        FLKEY
  -------         PROC          _FLASH_BYTEWRITE
  D:0006H         SYMBOL        addr
  D:0005H         SYMBOL        byte
  -------         DO            
  B:0020H.2       SYMBOL        EA_SAVE
  D:000AH         SYMBOL        pwrite
  -------         ENDDO         
  C:1622H         LINE#         20
  C:1622H         LINE#         21
  C:1622H         LINE#         22
  C:1626H         LINE#         28
  C:1628H         LINE#         30
  C:162BH         LINE#         31
  C:162EH         LINE#         33
  C:1632H         LINE#         35
  C:1635H         LINE#         36
  C:1638H         LINE#         37
  C:163BH         LINE#         39
  C:163EH         LINE#         40
  C:1641H         LINE#         42
  C:1649H         LINE#         44
  C:164CH         LINE#         46
  C:1650H         LINE#         50
  -------         ENDPROC       _FLASH_BYTEWRITE
  -------         PROC          _FLASH_BYTEREAD
  D:0006H         SYMBOL        addr
  -------         DO            
  B:0020H.2       SYMBOL        EA_SAVE
  D:000AH         SYMBOL        pread
  D:0007H         SYMBOL        byte
  -------         ENDDO         
  C:1983H         LINE#         68
  C:1983H         LINE#         69
  C:1983H         LINE#         70
  C:1987H         LINE#         74
  C:1989H         LINE#         75
  C:198DH         LINE#         76
  C:1994H         LINE#         77
  C:1998H         LINE#         78
  C:1998H         LINE#         79
  -------         ENDPROC       _FLASH_BYTEREAD
  -------         PROC          _FLASH_PAGEERASE
  D:0006H         SYMBOL        addr
  -------         DO            
  B:0020H.2       SYMBOL        EA_SAVE
  D:000AH         SYMBOL        pwrite
  -------         ENDDO         
BL51 BANKED LINKER/LOCATER V6.22            08/24/2016  14:21:41  PAGE 27


  C:1651H         LINE#         100
  C:1651H         LINE#         101
  C:1651H         LINE#         102
  C:1655H         LINE#         105
  C:1657H         LINE#         108
  C:165AH         LINE#         111
  C:165DH         LINE#         114
  C:1661H         LINE#         117
  C:1664H         LINE#         118
  C:1667H         LINE#         119
  C:166AH         LINE#         122
  C:166DH         LINE#         125
  C:1670H         LINE#         127
  C:1678H         LINE#         130
  C:167BH         LINE#         131
  C:167FH         LINE#         132
  -------         ENDPROC       _FLASH_PAGEERASE
  -------         PROC          _FLASH_READDATA
  D:0004H         SYMBOL        addr
  X:0228H         SYMBOL        buffer
  X:022BH         SYMBOL        length
  -------         DO            
  X:022CH         SYMBOL        i
  -------         ENDDO         
  C:124AH         LINE#         134
  C:1259H         LINE#         135
  C:1259H         LINE#         137
  C:126AH         LINE#         138
  C:128BH         LINE#         139
  C:1293H         LINE#         141
  -------         ENDPROC       _FLASH_READDATA
  -------         PROC          _FLASH_WRITEDATA
  X:022DH         SYMBOL        addr
  X:022FH         SYMBOL        buffer
  X:0232H         SYMBOL        length
  -------         DO            
  X:0233H         SYMBOL        i
  -------         ENDDO         
  C:10B7H         LINE#         144
  C:10C8H         LINE#         145
  C:10C8H         LINE#         147
  C:10D9H         LINE#         148
  C:1103H         LINE#         149
  C:110BH         LINE#         150
  -------         ENDPROC       _FLASH_WRITEDATA
  -------         ENDMOD        C8051_FLASH

  -------         MODULE        C8051_SMBUS
  C:0000H         SYMBOL        _ICE_DUMMY_
  C:1AA4H         PUBLIC        SMBus_ReSet
  D:00C1H         PUBLIC        SMB0CF
  C:1A9DH         PUBLIC        SMBus_Init
  B:00C0H.1       PUBLIC        ACK
  B:00C0H.5       PUBLIC        STA
  B:00C0H.4       PUBLIC        STO
  -------         PROC          SMBUS_INIT
  C:1A9DH         LINE#         13
  C:1A9DH         LINE#         14
  C:1A9DH         LINE#         15
  C:1AA0H         LINE#         16
  C:1AA3H         LINE#         17
  -------         ENDPROC       SMBUS_INIT
  -------         PROC          SMBUS_RESET
  C:1AA4H         LINE#         18
  C:1AA4H         LINE#         19
BL51 BANKED LINKER/LOCATER V6.22            08/24/2016  14:21:41  PAGE 28


  C:1AA4H         LINE#         20
  C:1AA6H         LINE#         21
  C:1AA8H         LINE#         22
  C:1AAAH         LINE#         23
  -------         ENDPROC       SMBUS_RESET
  -------         ENDMOD        C8051_SMBUS

  -------         MODULE        QSFP_PROTOCOL
  C:0000H         SYMBOL        _ICE_DUMMY_
  C:1161H         PUBLIC        _QSFP_InitFunOne
  B:0020H.3       PUBLIC        _QSFP_Status
  C:1294H         PUBLIC        ReadOperateRecordInJour
  C:1060H         PUBLIC        _QSFP_InitFunTwo
  X:0274H         PUBLIC        ReciverAddress
  B:0020H.4       PUBLIC        _READ_TYPE
  C:0A96H         PUBLIC        QSFP_Write
  X:0275H         PUBLIC        _currentAddress
  X:0276H         PUBLIC        GetValueNum
  X:0277H         PUBLIC        OperateStatus
  C:1A68H         PUBLIC        QSFPStop
  C:12DEH         PUBLIC        QSFP_ACK
  -------         PROC          QSFP_WRITE
  -------         DO            
  X:020BH         SYMBOL        tempi
  -------         ENDDO         
  C:0A96H         LINE#         19
  C:0A96H         LINE#         20
  C:0A96H         LINE#         22
  C:0A9BH         LINE#         23
  C:0AA1H         LINE#         24
  C:0AA1H         LINE#         26
  C:0AA8H         LINE#         27
  C:0AA8H         LINE#         29
  C:0AB8H         LINE#         31
  C:0ABAH         LINE#         33
  C:0ABAH         LINE#         35
  C:0AD1H         LINE#         36
  C:0AD1H         LINE#         38
  C:0ADBH         LINE#         39
  C:0AE5H         LINE#         40
  C:0AEFH         LINE#         42
  C:0AF8H         LINE#         43
  C:0B05H         LINE#         44
  C:0B05H         LINE#         45
  C:0B29H         LINE#         46
  C:0B2BH         LINE#         47
  C:0B39H         LINE#         49
  C:0B39H         LINE#         50
  -------         ENDPROC       QSFP_WRITE
  -------         PROC          READOPERATERECORDINJOUR
  C:1294H         LINE#         51
  C:1294H         LINE#         52
  C:1294H         LINE#         53
  C:1297H         LINE#         54
  C:1297H         LINE#         56
  C:129DH         LINE#         57
  C:12A8H         LINE#         58
  C:12B2H         LINE#         59
  C:12B5H         LINE#         60
  C:12BBH         LINE#         62
  C:12CAH         LINE#         63
  C:12D2H         LINE#         66
  C:12DDH         LINE#         67
  C:12DDH         LINE#         68
  -------         ENDPROC       READOPERATERECORDINJOUR
BL51 BANKED LINKER/LOCATER V6.22            08/24/2016  14:21:41  PAGE 29


  -------         PROC          QSFPSTOP
  C:1A68H         LINE#         69
  C:1A68H         LINE#         70
  C:1A68H         LINE#         71
  C:1A6EH         LINE#         74
  C:1A71H         LINE#         75
  -------         ENDPROC       QSFPSTOP
  -------         PROC          _QSFP_INITFUNONE
  D:0007H         SYMBOL        address
  X:020CH         SYMBOL        IsSend
  X:020FH         SYMBOL        Value
  C:1161H         LINE#         80
  C:116CH         LINE#         81
  C:116CH         LINE#         82
  C:1170H         LINE#         83
  C:1170H         LINE#         85
  C:1188H         LINE#         86
  C:118AH         LINE#         87
  C:118AH         LINE#         88
  C:1199H         LINE#         90
  C:1199H         LINE#         91
  C:119BH         LINE#         92
  C:11A1H         LINE#         93
  C:11B1H         LINE#         94
  C:11B1H         LINE#         96
  C:11B1H         LINE#         97
  C:11B3H         LINE#         98
  C:11B3H         LINE#         99
  -------         ENDPROC       _QSFP_INITFUNONE
  -------         PROC          _QSFP_INITFUNTWO
  D:0007H         SYMBOL        address
  X:020CH         SYMBOL        IsSend
  X:020FH         SYMBOL        Value
  C:1060H         LINE#         100
  C:106BH         LINE#         101
  C:106BH         LINE#         102
  C:106FH         LINE#         103
  C:106FH         LINE#         104
  C:1078H         LINE#         105
  C:108BH         LINE#         106
  C:108DH         LINE#         107
  C:108DH         LINE#         109
  C:109CH         LINE#         111
  C:109CH         LINE#         112
  C:10A2H         LINE#         113
  C:10A4H         LINE#         114
  C:10B4H         LINE#         115
  C:10B4H         LINE#         117
  C:10B4H         LINE#         118
  C:10B6H         LINE#         119
  C:10B6H         LINE#         120
  -------         ENDPROC       _QSFP_INITFUNTWO
  -------         PROC          QSFP_ACK
  -------         DO            
  X:020BH         SYMBOL        GetTheValue
  -------         ENDDO         
  C:12DEH         LINE#         122
  C:12DEH         LINE#         123
  C:12DEH         LINE#         125
  C:12E4H         LINE#         126
  C:12E7H         LINE#         127
  C:12E7H         LINE#         128
  C:12FAH         LINE#         129
  C:12FCH         LINE#         130
  C:12FCH         LINE#         132
BL51 BANKED LINKER/LOCATER V6.22            08/24/2016  14:21:41  PAGE 30


  C:12FFH         LINE#         133
  C:12FFH         LINE#         135
  C:12FFH         LINE#         136
  C:1302H         LINE#         137
  C:1304H         LINE#         138
  C:1304H         LINE#         139
  C:1304H         LINE#         141
  C:1304H         LINE#         142
  C:1317H         LINE#         143
  C:1319H         LINE#         144
  C:1319H         LINE#         146
  C:131CH         LINE#         147
  C:131CH         LINE#         149
  C:131CH         LINE#         150
  C:1322H         LINE#         151
  C:1327H         LINE#         152
  C:1327H         LINE#         153
  C:1327H         LINE#         154
  -------         ENDPROC       QSFP_ACK
  -------         ENDMOD        QSFP_PROTOCOL

  -------         MODULE        QSFP_MEM
  C:0000H         SYMBOL        _ICE_DUMMY_
  C:06CBH         PUBLIC        _Write_datas
  D:0090H         PUBLIC        P1
  C:0E68H         PUBLIC        QSFP_Flash_Init
  C:1AC0H         PUBLIC        interruptforRx
  C:1680H         PUBLIC        interruptforTx
  C:1AB1H         PUBLIC        _Read_Operate
  C:14C8H         PUBLIC        _QSFP_GetData
  C:19E7H         PUBLIC        _WriteSet
  X:0000H         PUBLIC        _data_Third_High
  C:1ABCH         SYMBOL        _?ix1000
  C:1952H         PUBLIC        _QSFP_writeSingledata
  C:13B7H         PUBLIC        _GetPrivilege
  C:0B3AH         PUBLIC        _FlashWriteOnebytes
  C:0BD2H         PUBLIC        _Write_SingleData
  C:003EH         PUBLIC        QSFP_initValue
  C:1007H         PUBLIC        _FlashWriteOnebyte
  C:1AC1H         PUBLIC        TimelyLoopdetection
  C:0ED7H         PUBLIC        _QSFP_writedatas
  X:0080H         PUBLIC        Flash_data
  X:0180H         PUBLIC        _data_Zeroth_Low
  C:0F40H         PUBLIC        _Get_Data
  -------         PROC          QSFP_INITVALUE
  -------         DO            
  D:0007H         SYMBOL        i
  -------         ENDDO         
  C:003EH         LINE#         12
[...]
  C:1957H         LINE#         323
  C:1960H         LINE#         324
  C:1960H         LINE#         325
  C:1965H         LINE#         326
  C:1968H         LINE#         327
  C:1968H         LINE#         329
  C:1968H         LINE#         330
  C:196AH         LINE#         331
  C:196AH         LINE#         332
  -------         ENDPROC       _QSFP_WRITESINGLEDATA
  -------         PROC          _QSFP_WRITEDATAS
  X:020CH         SYMBOL        address
  X:020DH         SYMBOL        ValueArray
  X:0210H         SYMBOL        num
  -------         DO            
  D:0005H         SYMBOL        tempi
  D:0004H         SYMBOL        addresshead
  D:0007H         SYMBOL        Privilege
  -------         ENDDO         
  C:0ED7H         LINE#         333
  C:0EE5H         LINE#         334
  C:0EE5H         LINE#         335
  C:0EE9H         LINE#         336
  C:0EEEH         LINE#         338
  C:0F04H         LINE#         339
  C:0F04H         LINE#         341
  C:0F07H         LINE#         342
  C:0F07H         LINE#         343
  C:0F0DH         LINE#         344
  C:0F0DH         LINE#         345
  C:0F17H         LINE#         346
  C:0F21H         LINE#         347
  C:0F24H         LINE#         348
  C:0F25H         LINE#         349
  C:0F27H         LINE#         350
  C:0F3DH         LINE#         351
  C:0F3FH         LINE#         353
  -------         ENDPROC       _QSFP_WRITEDATAS
  -------         ENDMOD        QSFP_MEM

  -------         MODULE        JOURNAL
  C:0000H         SYMBOL        _ICE_DUMMY_
  X:0253H         PUBLIC        JourBuffer
  C:110CH         PUBLIC        _AddOneJournal
BL51 BANKED LINKER/LOCATER V6.22            08/24/2016  14:21:41  PAGE 36


  C:1548H         PUBLIC        journal_MemInit
  C:16ACH         PUBLIC        _GetConfigNum
  C:1846H         PUBLIC        _ReadOneJour
  C:1903H         PUBLIC        EraseAlljour
  C:1328H         PUBLIC        _updateConfig
  -------         PROC          ERASEALLJOUR
  C:1903H         LINE#         7
  C:1903H         LINE#         8
  C:1903H         LINE#         9
  C:190AH         LINE#         10
  C:1911H         LINE#         11
  C:1918H         LINE#         12
  -------         ENDPROC       ERASEALLJOUR
  -------         PROC          _UPDATECONFIG
  X:0224H         SYMBOL        Kind
  X:0225H         SYMBOL        Value
  C:1328H         LINE#         14
  C:1330H         LINE#         15
  C:1330H         LINE#         16
  C:1343H         LINE#         17
  C:134AH         LINE#         18
  C:135EH         LINE#         19
  -------         ENDPROC       _UPDATECONFIG
  -------         PROC          _GETCONFIGNUM
  X:021EH         SYMBOL        kind
  C:16ACH         LINE#         21
  C:16B1H         LINE#         22
  C:16B1H         LINE#         23
  C:16C4H         LINE#         24
  C:16D3H         LINE#         25
  -------         ENDPROC       _GETCONFIGNUM
  -------         PROC          JOURNAL_MEMINIT
  C:1548H         LINE#         26
  C:1548H         LINE#         27
  C:1548H         LINE#         28
  C:1554H         LINE#         29
  C:1554H         LINE#         31
  C:155BH         LINE#         32
  C:1561H         LINE#         33
  C:1564H         LINE#         34
  C:1566H         LINE#         35
  C:1568H         LINE#         36
  C:156AH         LINE#         37
  C:157DH         LINE#         39
  C:1580H         LINE#         43
  C:1583H         LINE#         45
  C:1583H         LINE#         46
  -------         ENDPROC       JOURNAL_MEMINIT
  -------         PROC          _ADDONEJOURNAL
  X:020CH         SYMBOL        buffer
  X:020FH         SYMBOL        num
  -------         DO            
  X:0210H         SYMBOL        FlashNum
  -------         ENDDO         
  C:110CH         LINE#         47
  C:111AH         LINE#         48
  C:111AH         LINE#         50
  C:1126H         LINE#         51
  C:1129H         LINE#         52
  C:1129H         LINE#         53
  C:112CH         LINE#         54
  C:1131H         LINE#         55
  C:1131H         LINE#         56
  C:1155H         LINE#         57
  -------         ENDPROC       _ADDONEJOURNAL
BL51 BANKED LINKER/LOCATER V6.22            08/24/2016  14:21:41  PAGE 37


  -------         PROC          _READONEJOUR
  D:0007H         SYMBOL        num
  C:1846H         LINE#         59
  C:1846H         LINE#         60
  C:1846H         LINE#         61
  C:1862H         LINE#         62
  C:1868H         LINE#         63
  -------         ENDPROC       _READONEJOUR
  -------         ENDMOD        JOURNAL

  -------         MODULE        DEBUG
  C:0000H         SYMBOL        _ICE_DUMMY_
  X:0234H         PUBLIC        _DebugsendPoint
  X:0236H         PUBLIC        _buffercount
  C:15EFH         PUBLIC        _Debug_InitFun
  C:19D5H         PUBLIC        Debug_ACK
  C:1AC2H         PUBLIC        DEBUG_StopFun
  C:0076H         PUBLIC        _Debug_ReciverValue
  X:0237H         PUBLIC        adc
  X:0239H         PUBLIC        Sendbuff
  X:0243H         PUBLIC        Getvalue
  -------         PROC          DEBUG_STOPFUN
  C:1AC2H         LINE#         16
  C:1AC2H         LINE#         17
  C:1AC2H         LINE#         19
  -------         ENDPROC       DEBUG_STOPFUN
  -------         PROC          _DEBUG_INITFUN
  D:0001H         SYMBOL        IsSend
  X:020EH         SYMBOL        Value
  C:15EFH         LINE#         20
  C:15EFH         LINE#         21
  C:15EFH         LINE#         22
  C:15F5H         LINE#         23
  C:15F5H         LINE#         24
  C:1600H         LINE#         25
  C:160AH         LINE#         26
  C:160AH         LINE#         27
  C:160FH         LINE#         28
  C:160FH         LINE#         29
  C:160FH         LINE#         30
  C:1613H         LINE#         31
  -------         ENDPROC       _DEBUG_INITFUN
  -------         PROC          _DEBUG_RECIVERVALUE
  X:020BH         SYMBOL        Send
  X:020EH         SYMBOL        Value
  -------         DO            
  X:0211H         SYMBOL        dealNow
  X:0219H         SYMBOL        address
  X:021BH         SYMBOL        point
  -------         ENDDO         
  C:0076H         LINE#         33
  C:0081H         LINE#         34
  C:0081H         LINE#         35
  C:0090H         LINE#         36
  C:0090H         LINE#         41
  C:00A9H         LINE#         43
  C:00E2H         LINE#         44
  C:00E2H         LINE#         46
  C:00E2H         LINE#         47
  C:00F4H         LINE#         48
  C:00FEH         LINE#         50
  C:00FEH         LINE#         51
  C:00FEH         LINE#         52
  C:0100H         LINE#         54
  C:0100H         LINE#         55
BL51 BANKED LINKER/LOCATER V6.22            08/24/2016  14:21:41  PAGE 38


  C:0124H         LINE#         56
  C:0138H         LINE#         57
  C:0138H         LINE#         58
  C:013BH         LINE#         59
  C:013BH         LINE#         60
  C:014BH         LINE#         61
  C:0151H         LINE#         62
  C:0151H         LINE#         63
  C:016DH         LINE#         64
  C:0189H         LINE#         65
  C:0189H         LINE#         66
  C:0189H         LINE#         67
  C:018CH         LINE#         68
  C:018CH         LINE#         69
  C:019CH         LINE#         70
  C:01A2H         LINE#         71
  C:01A2H         LINE#         72
  C:01B5H         LINE#         73
  C:01CBH         LINE#         74
  C:01CBH         LINE#         75
  C:01CBH         LINE#         76
  C:01CEH         LINE#         77
  C:01CEH         LINE#         78
  C:01DEH         LINE#         79
  C:01E4H         LINE#         80
  C:01E4H         LINE#         81
  C:01F4H         LINE#         82
  C:020AH         LINE#         83
  C:020AH         LINE#         84
  C:020AH         LINE#         85
  C:020CH         LINE#         86
  C:020CH         LINE#         87
  C:021CH         LINE#         88
  C:0222H         LINE#         89
  C:0222H         LINE#         90
  C:023CH         LINE#         91
  C:0255H         LINE#         92
  C:0255H         LINE#         93
  C:0255H         LINE#         94
  C:0258H         LINE#         95
  C:0258H         LINE#         96
  C:026CH         LINE#         97
  C:02A4H         LINE#         98
  C:02A4H         LINE#         99
  C:02A6H         LINE#         100
  C:02A6H         LINE#         101
  C:02B0H         LINE#         102
  C:02F1H         LINE#         103
  C:02FBH         LINE#         105
  C:02FBH         LINE#         106
  C:02FBH         LINE#         107
  C:02FBH         LINE#         109
  C:02FBH         LINE#         110
  C:030BH         LINE#         111
  C:030BH         LINE#         112
  -------         ENDPROC       _DEBUG_RECIVERVALUE
  -------         PROC          DEBUG_ACK
  C:19D5H         LINE#         114
  C:19D5H         LINE#         115
  C:19D5H         LINE#         116
  C:19E6H         LINE#         117
  -------         ENDPROC       DEBUG_ACK
  -------         ENDMOD        DEBUG

  -------         MODULE        PARAMETERS
BL51 BANKED LINKER/LOCATER V6.22            08/24/2016  14:21:41  PAGE 39


  C:0000H         SYMBOL        _ICE_DUMMY_
  D:0090H         PUBLIC        P1
  C:07DDH         PUBLIC        _DelecetParmeter
  C:1869H         PUBLIC        _GetOffset
  C:0947H         PUBLIC        _ChangeParmeter
  C:11B4H         PUBLIC        Init_TX_Parameters
  C:09F0H         PUBLIC        _AddParameter
  C:11FFH         PUBLIC        Init_Rx_Parameters
  C:1509H         PUBLIC        _GetParameter
  X:027BH         PUBLIC        ParameterStru
  C:1AC3H         PUBLIC        Init_User_define
  C:18E6H         PUBLIC        _GetAddress
  -------         PROC          _GETOFFSET
  D:0006H         SYMBOL        SetAddress
  C:1869H         LINE#         8
  C:1869H         LINE#         9
  C:1869H         LINE#         10
  C:187FH         LINE#         11
  C:187FH         LINE#         12
  C:187FH         LINE#         13
  C:1882H         LINE#         14
  C:1882H         LINE#         15
  C:1882H         LINE#         16
  C:1885H         LINE#         17
  C:1885H         LINE#         18
  C:1885H         LINE#         19
  C:1888H         LINE#         20
  C:1888H         LINE#         21
  C:1888H         LINE#         22
  C:188AH         LINE#         23
  C:188AH         LINE#         24
  -------         ENDPROC       _GETOFFSET
  -------         PROC          _GETADDRESS
  D:0007H         SYMBOL        offset
  C:18E6H         LINE#         25
  C:18E6H         LINE#         26
  C:18E6H         LINE#         27
  C:18F0H         LINE#         28
  C:18F0H         LINE#         29
  C:18F0H         LINE#         30
  C:18F5H         LINE#         31
  C:18F5H         LINE#         32
  C:18F5H         LINE#         33
  C:18FAH         LINE#         34
  C:18FAH         LINE#         35
  C:18FAH         LINE#         36
  C:18FFH         LINE#         37
  C:18FFH         LINE#         38
  C:18FFH         LINE#         39
  C:1902H         LINE#         40
  C:1902H         LINE#         41
  -------         ENDPROC       _GETADDRESS
  -------         PROC          _GETPARAMETER
  X:021EH         SYMBOL        SetAddress
  X:0220H         SYMBOL        num
  C:1509H         LINE#         42
  C:1514H         LINE#         43
  C:1514H         LINE#         44
  C:1527H         LINE#         45
  C:1541H         LINE#         46
  C:1547H         LINE#         47
  -------         ENDPROC       _GETPARAMETER
  -------         PROC          _DELECETPARMETER
  X:021EH         SYMBOL        SetAddress
  X:0220H         SYMBOL        num
BL51 BANKED LINKER/LOCATER V6.22            08/24/2016  14:21:41  PAGE 40


  -------         DO            
  X:0221H         SYMBOL        tempi
  X:0222H         SYMBOL        kindtype
  X:0223H         SYMBOL        ParaNum
  -------         ENDDO         
  C:07DDH         LINE#         48
  C:07E8H         LINE#         49
  C:07E8H         LINE#         50
  C:07EBH         LINE#         51
  C:07F3H         LINE#         52
  C:0802H         LINE#         53
  C:080CH         LINE#         54
  C:080CH         LINE#         55
  C:080FH         LINE#         56
  C:080FH         LINE#         57
  C:082AH         LINE#         58
  C:0835H         LINE#         59
  C:0847H         LINE#         60
  C:0847H         LINE#         61
  C:085FH         LINE#         62
  C:0867H         LINE#         63
  C:086DH         LINE#         65
  C:0888H         LINE#         66
  C:0893H         LINE#         67
  C:0895H         LINE#         68
  -------         ENDPROC       _DELECETPARMETER
  -------         PROC          _CHANGEPARMETER
  X:021EH         SYMBOL        SetAddress
  X:0220H         SYMBOL        num
  X:0221H         SYMBOL        address
  X:0222H         SYMBOL        value
  -------         DO            
  D:0007H         SYMBOL        kindtype
  X:0223H         SYMBOL        ParaNum
  -------         ENDDO         
  C:0947H         LINE#         69
  C:0955H         LINE#         70
  C:0955H         LINE#         71
  C:0960H         LINE#         72
  C:096FH         LINE#         73
  C:0979H         LINE#         74
  C:0979H         LINE#         75
  C:097CH         LINE#         76
  C:097CH         LINE#         77
  C:0997H         LINE#         78
  C:09A2H         LINE#         79
  C:09BCH         LINE#         80
  C:09D2H         LINE#         81
  C:09EDH         LINE#         82
  C:09EFH         LINE#         83
  -------         ENDPROC       _CHANGEPARMETER
  -------         PROC          _ADDPARAMETER
  X:021EH         SYMBOL        SetAddress
  X:0220H         SYMBOL        address
  X:0221H         SYMBOL        value
  -------         DO            
  X:0222H         SYMBOL        kindtype
  X:0223H         SYMBOL        ParaNum
  -------         ENDDO         
  C:09F0H         LINE#         84
  C:09FEH         LINE#         85
  C:09FEH         LINE#         86
  C:0A0EH         LINE#         87
  C:0A1EH         LINE#         88
  C:0A36H         LINE#         89
BL51 BANKED LINKER/LOCATER V6.22            08/24/2016  14:21:41  PAGE 41


  C:0A41H         LINE#         90
  C:0A56H         LINE#         91
  C:0A67H         LINE#         92
  C:0A6DH         LINE#         93
  C:0A88H         LINE#         94
  C:0A93H         LINE#         95
  C:0A95H         LINE#         96
  -------         ENDPROC       _ADDPARAMETER
  -------         PROC          INIT_TX_PARAMETERS
  -------         DO            
  X:027EH         SYMBOL        ParaNum
  -------         ENDDO         
  C:11B4H         LINE#         97
  C:11B4H         LINE#         98
  C:11B4H         LINE#         99
  C:11C0H         LINE#         100
  C:11D3H         LINE#         101
  C:11DEH         LINE#         102
  C:11DEH         LINE#         103
  C:11FCH         LINE#         104
  C:11FEH         LINE#         105
  -------         ENDPROC       INIT_TX_PARAMETERS
  -------         PROC          INIT_RX_PARAMETERS
  -------         DO            
  X:027FH         SYMBOL        ParaNum
  -------         ENDDO         
  C:11FFH         LINE#         106
  C:11FFH         LINE#         107
  C:11FFH         LINE#         108
  C:120BH         LINE#         109
  C:121EH         LINE#         110
  C:1229H         LINE#         111
  C:1229H         LINE#         112
  C:1247H         LINE#         113
  C:1249H         LINE#         114
  -------         ENDPROC       INIT_RX_PARAMETERS
  -------         PROC          INIT_USER_DEFINE
  C:1AC3H         LINE#         115
  C:1AC3H         LINE#         116
  C:1AC3H         LINE#         118
  -------         ENDPROC       INIT_USER_DEFINE
  -------         ENDMOD        PARAMETERS

  -------         MODULE        ?C?COPY
  C:03DCH         PUBLIC        ?C?COPY
  -------         ENDMOD        ?C?COPY

  -------         MODULE        ?C?CLDPTR
  C:0402H         PUBLIC        ?C?CLDPTR
  -------         ENDMOD        ?C?CLDPTR

  -------         MODULE        ?C?CLDOPTR
  C:041BH         PUBLIC        ?C?CLDOPTR
  -------         ENDMOD        ?C?CLDOPTR

  -------         MODULE        ?C?CSTPTR
  C:0448H         PUBLIC        ?C?CSTPTR
  -------         ENDMOD        ?C?CSTPTR

  -------         MODULE        ?C?CSTOPTR
  C:045AH         PUBLIC        ?C?CSTOPTR
  -------         ENDMOD        ?C?CSTOPTR

  -------         MODULE        ?C?IILDX
  C:047CH         PUBLIC        ?C?IILDX
BL51 BANKED LINKER/LOCATER V6.22            08/24/2016  14:21:41  PAGE 42


  -------         ENDMOD        ?C?IILDX

  -------         MODULE        ?C?ILDIX
  C:0492H         PUBLIC        ?C?ILDIX
  -------         ENDMOD        ?C?ILDIX

  -------         MODULE        ?C?ILDOPTR
  C:04A8H         PUBLIC        ?C?ILDOPTR
  -------         ENDMOD        ?C?ILDOPTR

  -------         MODULE        ?C?ISTOPTR
  C:04E0H         PUBLIC        ?C?ISTOPTR
  -------         ENDMOD        ?C?ISTOPTR

  -------         MODULE        ?C?ICASE
  C:050DH         PUBLIC        ?C?ICASE
  -------         ENDMOD        ?C?ICASE

  -------         MODULE        ?C?ICALL
  C:053AH         PUBLIC        ?C?ICALL
  C:053EH         PUBLIC        ?C?ICALL2
  -------         ENDMOD        ?C?ICALL

*** WARNING L16: UNCALLED SEGMENT, IGNORED FOR OVERLAY PROCESS
    SEGMENT: ?PR?_RX_I2C_BYTESWRITE?C8051_I2C

*** WARNING L16: UNCALLED SEGMENT, IGNORED FOR OVERLAY PROCESS
    SEGMENT: ?PR?_TX_I2C_BYTESWRITE?C8051_I2C

*** WARNING L16: UNCALLED SEGMENT, IGNORED FOR OVERLAY PROCESS
    SEGMENT: ?PR?_RX_I2C_BYTESREAD?C8051_I2C

*** WARNING L16: UNCALLED SEGMENT, IGNORED FOR OVERLAY PROCESS
    SEGMENT: ?PR?FLASH_INIT?C8051_SYSTEM

*** WARNING L16: UNCALLED SEGMENT, IGNORED FOR OVERLAY PROCESS
    SEGMENT: ?PR?_UASRT0_SENDSTR?C8051_USART

*** WARNING L16: UNCALLED SEGMENT, IGNORED FOR OVERLAY PROCESS
    SEGMENT: ?PR?TIMELYLOOPDETECTION?QSFP_MEM

*** WARNING L16: UNCALLED SEGMENT, IGNORED FOR OVERLAY PROCESS
    SEGMENT: ?PR?_WRITESET?QSFP_MEM

*** WARNING L16: UNCALLED SEGMENT, IGNORED FOR OVERLAY PROCESS
    SEGMENT: ?PR?DEBUG_STOPFUN?DEBUG

*** WARNING L16: UNCALLED SEGMENT, IGNORED FOR OVERLAY PROCESS
    SEGMENT: ?PR?INIT_TX_PARAMETERS?PARAMETERS

*** WARNING L16: UNCALLED SEGMENT, IGNORED FOR OVERLAY PROCESS
    SEGMENT: ?PR?INIT_RX_PARAMETERS?PARAMETERS

*** WARNING L16: UNCALLED SEGMENT, IGNORED FOR OVERLAY PROCESS
    SEGMENT: ?PR?INIT_USER_DEFINE?PARAMETERS

*** WARNING L15: MULTIPLE CALL TO SEGMENT
    SEGMENT: ?PR?TX_I2C_ACK?C8051_I2C
    CALLER1: ?PR?TIMER2_ISR?C8051_IT
    CALLER2: ?PR?SMBUS_ISR?C8051_IT

*** WARNING L15: MULTIPLE CALL TO SEGMENT
    SEGMENT: ?PR?_FLASH_BYTEREAD?C8051_FLASH
    CALLER1: ?PR?SMBUS_ISR?C8051_IT
    CALLER2: ?C_C51STARTUP
BL51 BANKED LINKER/LOCATER V6.22            08/24/2016  14:21:41  PAGE 43



*** WARNING L15: MULTIPLE CALL TO SEGMENT
    SEGMENT: ?PR?_FLASH_PAGEERASE?C8051_FLASH
    CALLER1: ?PR?SMBUS_ISR?C8051_IT
    CALLER2: ?C_C51STARTUP

*** WARNING L15: MULTIPLE CALL TO SEGMENT
    SEGMENT: ?PR?_FLASH_WRITEDATA?C8051_FLASH
    CALLER1: ?PR?SMBUS_ISR?C8051_IT
    CALLER2: ?C_C51STARTUP

*** WARNING L15: MULTIPLE CALL TO SEGMENT
    SEGMENT: ?PR?_FLASH_BYTEWRITE?C8051_FLASH
    CALLER1: ?PR?SMBUS_ISR?C8051_IT
    CALLER2: ?C_C51STARTUP

Program Size: data=13.5 xdata=640 code=6852
LINK/LOCATE RUN COMPLETE.  16 WARNING(S),  0 ERROR(S)
